Component: ARM Compiler 5.06 update 1 (build 61) Tool: armlink [4d35a8]

==============================================================================

Section Cross References

    startup_stm32f429xx.o(RESET) refers to startup_stm32f429xx.o(STACK) for __initial_sp
    startup_stm32f429xx.o(RESET) refers to startup_stm32f429xx.o(.text) for Reset_Handler
    startup_stm32f429xx.o(RESET) refers to stm32f4xx_it.o(i.NMI_Handler) for NMI_Handler
    startup_stm32f429xx.o(RESET) refers to stm32f4xx_it.o(i.HardFault_Handler) for HardFault_Handler
    startup_stm32f429xx.o(RESET) refers to stm32f4xx_it.o(i.MemManage_Handler) for MemManage_Handler
    startup_stm32f429xx.o(RESET) refers to stm32f4xx_it.o(i.BusFault_Handler) for BusFault_Handler
    startup_stm32f429xx.o(RESET) refers to stm32f4xx_it.o(i.UsageFault_Handler) for UsageFault_Handler
    startup_stm32f429xx.o(RESET) refers to stm32f4xx_it.o(i.SVC_Handler) for SVC_Handler
    startup_stm32f429xx.o(RESET) refers to stm32f4xx_it.o(i.DebugMon_Handler) for DebugMon_Handler
    startup_stm32f429xx.o(RESET) refers to stm32f4xx_it.o(i.PendSV_Handler) for PendSV_Handler
    startup_stm32f429xx.o(RESET) refers to stm32f4xx_it.o(i.SysTick_Handler) for SysTick_Handler
    startup_stm32f429xx.o(RESET) refers to stm32f4xx_it.o(i.EXTI0_IRQHandler) for EXTI0_IRQHandler
    startup_stm32f429xx.o(RESET) refers to stm32f4xx_it.o(i.EXTI4_IRQHandler) for EXTI4_IRQHandler
    startup_stm32f429xx.o(RESET) refers to stm32f4xx_it.o(i.TIM1_UP_TIM10_IRQHandler) for TIM1_UP_TIM10_IRQHandler
    startup_stm32f429xx.o(RESET) refers to stm32f4xx_it.o(i.TIM1_TRG_COM_TIM11_IRQHandler) for TIM1_TRG_COM_TIM11_IRQHandler
    startup_stm32f429xx.o(RESET) refers to stm32f4xx_it.o(i.USART1_IRQHandler) for USART1_IRQHandler
    startup_stm32f429xx.o(.text) refers to system_stm32f4xx.o(i.SystemInit) for SystemInit
    startup_stm32f429xx.o(.text) refers to entry.o(.ARM.Collect$$$$00000000) for __main
    enc28j60.o(i.ENC28J60_SendByte) refers to stm32f4xx_hal_spi.o(i.HAL_SPI_TransmitReceive) for HAL_SPI_TransmitReceive
    enc28j60.o(i.ENC28J60_SendByte) refers to main.o(.bss) for hspi1
    enc28j60.o(i.enc28j60DisableBroadcast) refers to enc28j60.o(i.enc28j60Read) for enc28j60Read
    enc28j60.o(i.enc28j60DisableBroadcast) refers to enc28j60.o(i.enc28j60Write) for enc28j60Write
    enc28j60.o(i.enc28j60EnableBroadcast) refers to enc28j60.o(i.enc28j60Read) for enc28j60Read
    enc28j60.o(i.enc28j60EnableBroadcast) refers to enc28j60.o(i.enc28j60Write) for enc28j60Write
    enc28j60.o(i.enc28j60Init) refers to stm32f4xx_hal_gpio.o(i.HAL_GPIO_WritePin) for HAL_GPIO_WritePin
    enc28j60.o(i.enc28j60Init) refers to enc28j60.o(i.enc28j60WriteOp) for enc28j60WriteOp
    enc28j60.o(i.enc28j60Init) refers to stm32f4xx_hal.o(i.HAL_Delay) for HAL_Delay
    enc28j60.o(i.enc28j60Init) refers to enc28j60.o(i.enc28j60Write) for enc28j60Write
    enc28j60.o(i.enc28j60Init) refers to enc28j60.o(i.enc28j60PhyWrite) for enc28j60PhyWrite
    enc28j60.o(i.enc28j60Init) refers to enc28j60.o(i.enc28j60SetBank) for enc28j60SetBank
    enc28j60.o(i.enc28j60Init) refers to enc28j60.o(.data) for .data
    enc28j60.o(i.enc28j60PacketReceive) refers to enc28j60.o(i.enc28j60Read) for enc28j60Read
    enc28j60.o(i.enc28j60PacketReceive) refers to enc28j60.o(i.enc28j60Write) for enc28j60Write
    enc28j60.o(i.enc28j60PacketReceive) refers to enc28j60.o(i.enc28j60ReadOp) for enc28j60ReadOp
    enc28j60.o(i.enc28j60PacketReceive) refers to enc28j60.o(i.enc28j60ReadBuffer) for enc28j60ReadBuffer
    enc28j60.o(i.enc28j60PacketReceive) refers to enc28j60.o(i.enc28j60WriteOp) for enc28j60WriteOp
    enc28j60.o(i.enc28j60PacketReceive) refers to enc28j60.o(.data) for .data
    enc28j60.o(i.enc28j60PacketSend) refers to enc28j60.o(i.enc28j60Read) for enc28j60Read
    enc28j60.o(i.enc28j60PacketSend) refers to enc28j60.o(i.enc28j60WriteOp) for enc28j60WriteOp
    enc28j60.o(i.enc28j60PacketSend) refers to enc28j60.o(i.enc28j60ReadOp) for enc28j60ReadOp
    enc28j60.o(i.enc28j60PacketSend) refers to enc28j60.o(i.enc28j60Write) for enc28j60Write
    enc28j60.o(i.enc28j60PacketSend) refers to enc28j60.o(i.enc28j60WriteBuffer) for enc28j60WriteBuffer
    enc28j60.o(i.enc28j60PhyReadH) refers to enc28j60.o(i.enc28j60Write) for enc28j60Write
    enc28j60.o(i.enc28j60PhyReadH) refers to enc28j60.o(i.enc28j60Read) for enc28j60Read
    enc28j60.o(i.enc28j60PhyWrite) refers to enc28j60.o(i.enc28j60Write) for enc28j60Write
    enc28j60.o(i.enc28j60PhyWrite) refers to stm32f4xx_hal.o(i.HAL_Delay) for HAL_Delay
    enc28j60.o(i.enc28j60PhyWrite) refers to enc28j60.o(i.enc28j60Read) for enc28j60Read
    enc28j60.o(i.enc28j60Read) refers to enc28j60.o(i.enc28j60SetBank) for enc28j60SetBank
    enc28j60.o(i.enc28j60Read) refers to enc28j60.o(i.enc28j60ReadOp) for enc28j60ReadOp
    enc28j60.o(i.enc28j60ReadBuffer) refers to stm32f4xx_hal_gpio.o(i.HAL_GPIO_WritePin) for HAL_GPIO_WritePin
[...]
    Removing stm32f4xx_hal.o(i.HAL_GetDEVID), (16 bytes).
    Removing stm32f4xx_hal.o(i.HAL_GetHalVersion), (8 bytes).
    Removing stm32f4xx_hal.o(i.HAL_GetREVID), (12 bytes).
    Removing stm32f4xx_hal.o(i.HAL_GetTickFreq), (12 bytes).
    Removing stm32f4xx_hal.o(i.HAL_GetTickPrio), (12 bytes).
    Removing stm32f4xx_hal.o(i.HAL_GetUIDw0), (12 bytes).
    Removing stm32f4xx_hal.o(i.HAL_GetUIDw1), (12 bytes).
    Removing stm32f4xx_hal.o(i.HAL_GetUIDw2), (12 bytes).
    Removing stm32f4xx_hal.o(i.HAL_InitTick), (64 bytes).
    Removing stm32f4xx_hal.o(i.HAL_MspDeInit), (2 bytes).
    Removing stm32f4xx_hal.o(i.HAL_MspInit), (2 bytes).
    Removing stm32f4xx_hal.o(i.HAL_ResumeTick), (14 bytes).
    Removing stm32f4xx_hal.o(i.HAL_SetTickFreq), (28 bytes).
    Removing stm32f4xx_hal.o(i.HAL_SuspendTick), (14 bytes).
    Removing stm32f4xx_hal_exti.o(.rev16_text), (4 bytes).
    Removing stm32f4xx_hal_exti.o(.revsh_text), (4 bytes).
    Removing stm32f4xx_hal_exti.o(.rrx_text), (6 bytes).
    Removing stm32f4xx_hal_exti.o(i.HAL_EXTI_ClearConfigLine), (56 bytes).
    Removing stm32f4xx_hal_exti.o(i.HAL_EXTI_ClearPending), (12 bytes).
    Removing stm32f4xx_hal_exti.o(i.HAL_EXTI_GenerateSWI), (12 bytes).
    Removing stm32f4xx_hal_exti.o(i.HAL_EXTI_GetConfigLine), (108 bytes).
    Removing stm32f4xx_hal_exti.o(i.HAL_EXTI_GetHandle), (12 bytes).
    Removing stm32f4xx_hal_exti.o(i.HAL_EXTI_GetPending), (28 bytes).
    Removing stm32f4xx_hal_exti.o(i.HAL_EXTI_IRQHandler), (28 bytes).
    Removing stm32f4xx_hal_exti.o(i.HAL_EXTI_RegisterCallback), (14 bytes).
    Removing stm32f4xx_hal_exti.o(i.HAL_EXTI_SetConfigLine), (112 bytes).
    Removing system_stm32f4xx.o(.rev16_text), (4 bytes).
    Removing system_stm32f4xx.o(.revsh_text), (4 bytes).
    Removing system_stm32f4xx.o(.rrx_text), (6 bytes).
    Removing system_stm32f4xx.o(i.SystemCoreClockUpdate), (124 bytes).
    Removing flash_if.o(.rev16_text), (4 bytes).
    Removing flash_if.o(.revsh_text), (4 bytes).
    Removing flash_if.o(.rrx_text), (6 bytes).
    Removing flash_if.o(i.FLASH_If_GetWriteProtectionStatus), (32 bytes).
    Removing flash_if.o(i.FLASH_If_WriteProtectionConfig), (66 bytes).
    Removing console.o(.rev16_text), (4 bytes).
    Removing console.o(.revsh_text), (4 bytes).
    Removing console.o(.rrx_text), (6 bytes).
    Removing dadd.o(.text), (334 bytes).
    Removing dmul.o(.text), (228 bytes).
    Removing ddiv.o(.text), (222 bytes).
    Removing dfixul.o(.text), (48 bytes).
    Removing cdrcmple.o(.text), (48 bytes).
    Removing depilogue.o(.text), (186 bytes).

490 unused section(s) (total 32905 bytes) removed from the image.

==============================================================================

Image Symbol Table

    Local Symbols

    Symbol Name                              Value     Ov Type        Size  Object(Section)

    ../Core/Src/main.c                       0x00000000   Number         0  main.o ABSOLUTE
    ../Core/Src/stm32f4xx_hal_msp.c          0x00000000   Number         0  stm32f4xx_hal_msp.o ABSOLUTE
    ../Core/Src/stm32f4xx_hal_timebase_tim.c 0x00000000   Number         0  stm32f4xx_hal_timebase_tim.o ABSOLUTE
    ../Core/Src/stm32f4xx_it.c               0x00000000   Number         0  stm32f4xx_it.o ABSOLUTE
    ../Core/Src/system_stm32f4xx.c           0x00000000   Number         0  system_stm32f4xx.o ABSOLUTE
    ../Drivers/STM32F4xx_HAL_Driver/Src/stm32f4xx_hal.c 0x00000000   Number         0  stm32f4xx_hal.o ABSOLUTE
    ../Drivers/STM32F4xx_HAL_Driver/Src/stm32f4xx_hal_cortex.c 0x00000000   Number         0  stm32f4xx_hal_cortex.o ABSOLUTE
    ../Drivers/STM32F4xx_HAL_Driver/Src/stm32f4xx_hal_dma.c 0x00000000   Number         0  stm32f4xx_hal_dma.o ABSOLUTE
    ../Drivers/STM32F4xx_HAL_Driver/Src/stm32f4xx_hal_dma_ex.c 0x00000000   Number         0  stm32f4xx_hal_dma_ex.o ABSOLUTE
    ../Drivers/STM32F4xx_HAL_Driver/Src/stm32f4xx_hal_exti.c 0x00000000   Number         0  stm32f4xx_hal_exti.o ABSOLUTE
    ../Drivers/STM32F4xx_HAL_Driver/Src/stm32f4xx_hal_flash.c 0x00000000   Number         0  stm32f4xx_hal_flash.o ABSOLUTE
    ../Drivers/STM32F4xx_HAL_Driver/Src/stm32f4xx_hal_flash_ex.c 0x00000000   Number         0  stm32f4xx_hal_flash_ex.o ABSOLUTE
    ../Drivers/STM32F4xx_HAL_Driver/Src/stm32f4xx_hal_flash_ramfunc.c 0x00000000   Number         0  stm32f4xx_hal_flash_ramfunc.o ABSOLUTE
    ../Drivers/STM32F4xx_HAL_Driver/Src/stm32f4xx_hal_gpio.c 0x00000000   Number         0  stm32f4xx_hal_gpio.o ABSOLUTE
    ../Drivers/STM32F4xx_HAL_Driver/Src/stm32f4xx_hal_pwr.c 0x00000000   Number         0  stm32f4xx_hal_pwr.o ABSOLUTE
    ../Drivers/STM32F4xx_HAL_Driver/Src/stm32f4xx_hal_pwr_ex.c 0x00000000   Number         0  stm32f4xx_hal_pwr_ex.o ABSOLUTE
    ../Drivers/STM32F4xx_HAL_Driver/Src/stm32f4xx_hal_rcc.c 0x00000000   Number         0  stm32f4xx_hal_rcc.o ABSOLUTE
    ../Drivers/STM32F4xx_HAL_Driver/Src/stm32f4xx_hal_rcc_ex.c 0x00000000   Number         0  stm32f4xx_hal_rcc_ex.o ABSOLUTE
    ../Drivers/STM32F4xx_HAL_Driver/Src/stm32f4xx_hal_spi.c 0x00000000   Number         0  stm32f4xx_hal_spi.o ABSOLUTE
    ../Drivers/STM32F4xx_HAL_Driver/Src/stm32f4xx_hal_tim.c 0x00000000   Number         0  stm32f4xx_hal_tim.o ABSOLUTE
    ../Drivers/STM32F4xx_HAL_Driver/Src/stm32f4xx_hal_tim_ex.c 0x00000000   Number         0  stm32f4xx_hal_tim_ex.o ABSOLUTE
    ../Drivers/STM32F4xx_HAL_Driver/Src/stm32f4xx_hal_uart.c 0x00000000   Number         0  stm32f4xx_hal_uart.o ABSOLUTE
    ../clib/microlib/division.c              0x00000000   Number         0  uldiv.o ABSOLUTE
    ../clib/microlib/division.c              0x00000000   Number         0  uidiv.o ABSOLUTE
    ../clib/microlib/init/entry.s            0x00000000   Number         0  entry2.o ABSOLUTE
    ../clib/microlib/init/entry.s            0x00000000   Number         0  entry.o ABSOLUTE
    ../clib/microlib/init/entry.s            0x00000000   Number         0  entry11a.o ABSOLUTE
    ../clib/microlib/init/entry.s            0x00000000   Number         0  entry10b.o ABSOLUTE
    ../clib/microlib/init/entry.s            0x00000000   Number         0  entry10a.o ABSOLUTE
    ../clib/microlib/init/entry.s            0x00000000   Number         0  entry11b.o ABSOLUTE
    ../clib/microlib/init/entry.s            0x00000000   Number         0  entry9b.o ABSOLUTE
    ../clib/microlib/init/entry.s            0x00000000   Number         0  entry9a.o ABSOLUTE
    ../clib/microlib/init/entry.s            0x00000000   Number         0  entry8b.o ABSOLUTE
    ../clib/microlib/init/entry.s            0x00000000   Number         0  entry8a.o ABSOLUTE
    ../clib/microlib/init/entry.s            0x00000000   Number         0  entry5.o ABSOLUTE
    ../clib/microlib/init/entry.s            0x00000000   Number         0  entry7b.o ABSOLUTE
    ../clib/microlib/init/entry.s            0x00000000   Number         0  entry7a.o ABSOLUTE
    ../clib/microlib/longlong.c              0x00000000   Number         0  llushr.o ABSOLUTE
    ../clib/microlib/longlong.c              0x00000000   Number         0  llshl.o ABSOLUTE
    ../clib/microlib/longlong.c              0x00000000   Number         0  llsshr.o ABSOLUTE
    ../clib/microlib/printf/printf.c         0x00000000   Number         0  printfa.o ABSOLUTE
    ../clib/microlib/printf/printf.c         0x00000000   Number         0  printf8.o ABSOLUTE
    ../clib/microlib/printf/printf.c         0x00000000   Number         0  printf7.o ABSOLUTE
    ../clib/microlib/printf/printf.c         0x00000000   Number         0  printf6.o ABSOLUTE
    ../clib/microlib/printf/printf.c         0x00000000   Number         0  printf5.o ABSOLUTE
    ../clib/microlib/printf/printf.c         0x00000000   Number         0  printf4.o ABSOLUTE
    ../clib/microlib/printf/printf.c         0x00000000   Number         0  printf3.o ABSOLUTE
    ../clib/microlib/printf/printf.c         0x00000000   Number         0  printf2.o ABSOLUTE
    ../clib/microlib/printf/printf.c         0x00000000   Number         0  printf1.o ABSOLUTE
    ../clib/microlib/printf/printf.c         0x00000000   Number         0  printf0.o ABSOLUTE
    ../clib/microlib/printf/printf.c         0x00000000   Number         0  printfb.o ABSOLUTE
    ../clib/microlib/printf/stubs.s          0x00000000   Number         0  stubs.o ABSOLUTE
    ../clib/microlib/stdio/fputc.c           0x00000000   Number         0  fputc.o ABSOLUTE
    ../clib/microlib/stdio/semi.s            0x00000000   Number         0  semi.o ABSOLUTE
    ../clib/microlib/stdio/streams.c         0x00000000   Number         0  stdout.o ABSOLUTE
    ../clib/microlib/string/memset.c         0x00000000   Number         0  memseta.o ABSOLUTE
    ../clib/microlib/string/strlen.c         0x00000000   Number         0  strlen.o ABSOLUTE
    ../clib/microlib/string/strncmp.c        0x00000000   Number         0  strncmp.o ABSOLUTE
    ../clib/microlib/stubs.s                 0x00000000   Number         0  iusefp.o ABSOLUTE
    ../clib/microlib/stubs.s                 0x00000000   Number         0  iusesemip.o ABSOLUTE
    ../fplib/microlib/fpadd.c                0x00000000   Number         0  dadd.o ABSOLUTE
    ../fplib/microlib/fpdiv.c                0x00000000   Number         0  ddiv.o ABSOLUTE
    ../fplib/microlib/fpepilogue.c           0x00000000   Number         0  depilogue.o ABSOLUTE
    ../fplib/microlib/fpfix.c                0x00000000   Number         0  dfixul.o ABSOLUTE
    ../fplib/microlib/fpmul.c                0x00000000   Number         0  dmul.o ABSOLUTE
    ..\Core\Src\arp.c                        0x00000000   Number         0  arp.o ABSOLUTE
    ..\Core\Src\checksum.c                   0x00000000   Number         0  checksum.o ABSOLUTE
    ..\Core\Src\console.c                    0x00000000   Number         0  console.o ABSOLUTE
    ..\Core\Src\eemem.c                      0x00000000   Number         0  eemem.o ABSOLUTE
    ..\Core\Src\enc28j60.c                   0x00000000   Number         0  enc28j60.o ABSOLUTE
    ..\Core\Src\etherflash.c                 0x00000000   Number         0  etherflash.o ABSOLUTE
    ..\Core\Src\ethernet.c                   0x00000000   Number         0  ethernet.o ABSOLUTE
    ..\Core\Src\flash_if.c                   0x00000000   Number         0  flash_if.o ABSOLUTE
    ..\Core\Src\main.c                       0x00000000   Number         0  main.o ABSOLUTE
    ..\Core\Src\stm32f4xx_hal_msp.c          0x00000000   Number         0  stm32f4xx_hal_msp.o ABSOLUTE
    ..\Core\Src\stm32f4xx_hal_timebase_tim.c 0x00000000   Number         0  stm32f4xx_hal_timebase_tim.o ABSOLUTE
    ..\Core\Src\stm32f4xx_it.c               0x00000000   Number         0  stm32f4xx_it.o ABSOLUTE
    ..\Core\Src\systemControlCallback.c      0x00000000   Number         0  systemcontrolcallback.o ABSOLUTE
    ..\Core\Src\system_stm32f4xx.c           0x00000000   Number         0  system_stm32f4xx.o ABSOLUTE
    ..\Core\Src\udp.c                        0x00000000   Number         0  udp.o ABSOLUTE
    ..\Drivers\STM32F4xx_HAL_Driver\Src\stm32f4xx_hal.c 0x00000000   Number         0  stm32f4xx_hal.o ABSOLUTE
    ..\Drivers\STM32F4xx_HAL_Driver\Src\stm32f4xx_hal_cortex.c 0x00000000   Number         0  stm32f4xx_hal_cortex.o ABSOLUTE
    ..\Drivers\STM32F4xx_HAL_Driver\Src\stm32f4xx_hal_dma.c 0x00000000   Number         0  stm32f4xx_hal_dma.o ABSOLUTE
    ..\Drivers\STM32F4xx_HAL_Driver\Src\stm32f4xx_hal_dma_ex.c 0x00000000   Number         0  stm32f4xx_hal_dma_ex.o ABSOLUTE
    ..\Drivers\STM32F4xx_HAL_Driver\Src\stm32f4xx_hal_exti.c 0x00000000   Number         0  stm32f4xx_hal_exti.o ABSOLUTE
    ..\Drivers\STM32F4xx_HAL_Driver\Src\stm32f4xx_hal_flash.c 0x00000000   Number         0  stm32f4xx_hal_flash.o ABSOLUTE
    ..\Drivers\STM32F4xx_HAL_Driver\Src\stm32f4xx_hal_flash_ex.c 0x00000000   Number         0  stm32f4xx_hal_flash_ex.o ABSOLUTE
    ..\Drivers\STM32F4xx_HAL_Driver\Src\stm32f4xx_hal_flash_ramfunc.c 0x00000000   Number         0  stm32f4xx_hal_flash_ramfunc.o ABSOLUTE
    ..\Drivers\STM32F4xx_HAL_Driver\Src\stm32f4xx_hal_gpio.c 0x00000000   Number         0  stm32f4xx_hal_gpio.o ABSOLUTE
    ..\Drivers\STM32F4xx_HAL_Driver\Src\stm32f4xx_hal_pwr.c 0x00000000   Number         0  stm32f4xx_hal_pwr.o ABSOLUTE
    ..\Drivers\STM32F4xx_HAL_Driver\Src\stm32f4xx_hal_pwr_ex.c 0x00000000   Number         0  stm32f4xx_hal_pwr_ex.o ABSOLUTE
    ..\Drivers\STM32F4xx_HAL_Driver\Src\stm32f4xx_hal_rcc.c 0x00000000   Number         0  stm32f4xx_hal_rcc.o ABSOLUTE
    ..\Drivers\STM32F4xx_HAL_Driver\Src\stm32f4xx_hal_rcc_ex.c 0x00000000   Number         0  stm32f4xx_hal_rcc_ex.o ABSOLUTE
    ..\Drivers\STM32F4xx_HAL_Driver\Src\stm32f4xx_hal_spi.c 0x00000000   Number         0  stm32f4xx_hal_spi.o ABSOLUTE
    ..\Drivers\STM32F4xx_HAL_Driver\Src\stm32f4xx_hal_tim.c 0x00000000   Number         0  stm32f4xx_hal_tim.o ABSOLUTE
    ..\Drivers\STM32F4xx_HAL_Driver\Src\stm32f4xx_hal_tim_ex.c 0x00000000   Number         0  stm32f4xx_hal_tim_ex.o ABSOLUTE
    ..\Drivers\STM32F4xx_HAL_Driver\Src\stm32f4xx_hal_uart.c 0x00000000   Number         0  stm32f4xx_hal_uart.o ABSOLUTE
    ..\\Core\\Src\\arp.c                     0x00000000   Number         0  arp.o ABSOLUTE
    ..\\Core\\Src\\checksum.c                0x00000000   Number         0  checksum.o ABSOLUTE
    ..\\Core\\Src\\console.c                 0x00000000   Number         0  console.o ABSOLUTE
    ..\\Core\\Src\\enc28j60.c                0x00000000   Number         0  enc28j60.o ABSOLUTE
    ..\\Core\\Src\\etherflash.c              0x00000000   Number         0  etherflash.o ABSOLUTE
    ..\\Core\\Src\\ethernet.c                0x00000000   Number         0  ethernet.o ABSOLUTE
    ..\\Core\\Src\\flash_if.c                0x00000000   Number         0  flash_if.o ABSOLUTE
    ..\\Core\\Src\\systemControlCallback.c   0x00000000   Number         0  systemcontrolcallback.o ABSOLUTE
    ..\\Core\\Src\\udp.c                     0x00000000   Number         0  udp.o ABSOLUTE
    cdrcmple.s                               0x00000000   Number         0  cdrcmple.o ABSOLUTE
    dc.s                                     0x00000000   Number         0  dc.o ABSOLUTE
    handlers.s                               0x00000000   Number         0  handlers.o ABSOLUTE
    init.s                                   0x00000000   Number         0  init.o ABSOLUTE
    startup_stm32f429xx.s                    0x00000000   Number         0  startup_stm32f429xx.o ABSOLUTE
    RESET                                    0x08000000   Section      428  startup_stm32f429xx.o(RESET)
    .ARM.Collect$$$$00000000                 0x080001ac   Section        0  entry.o(.ARM.Collect$$$$00000000)
    .ARM.Collect$$$$00000001                 0x080001ac   Section        4  entry2.o(.ARM.Collect$$$$00000001)
    .ARM.Collect$$$$00000004                 0x080001b0   Section        4  entry5.o(.ARM.Collect$$$$00000004)
    .ARM.Collect$$$$00000008                 0x080001b4   Section        0  entry7b.o(.ARM.Collect$$$$00000008)
    .ARM.Collect$$$$0000000A                 0x080001b4   Section        0  entry8b.o(.ARM.Collect$$$$0000000A)
    .ARM.Collect$$$$0000000B                 0x080001b4   Section        8  entry9a.o(.ARM.Collect$$$$0000000B)
    .ARM.Collect$$$$0000000D                 0x080001bc   Section        0  entry10a.o(.ARM.Collect$$$$0000000D)
    .ARM.Collect$$$$0000000F                 0x080001bc   Section        0  entry11a.o(.ARM.Collect$$$$0000000F)
    .ARM.Collect$$$$00002712                 0x080001bc   Section        4  entry2.o(.ARM.Collect$$$$00002712)
    __lit__00000000                          0x080001bc   Data           4  entry2.o(.ARM.Collect$$$$00002712)
    .text                                    0x080001c0   Section       36  startup_stm32f429xx.o(.text)
    $v0                                      0x080001c0   Number         0  startup_stm32f429xx.o(.text)
    .text                                    0x080001e4   Section        0  uldiv.o(.text)
    .text                                    0x08000246   Section        0  memseta.o(.text)
    .text                                    0x0800026a   Section        0  strlen.o(.text)
    .text                                    0x08000278   Section        0  strncmp.o(.text)
    .text                                    0x08000296   Section        0  uidiv.o(.text)
    .text                                    0x080002c2   Section        0  llshl.o(.text)
    .text                                    0x080002e0   Section        0  llushr.o(.text)
    .text                                    0x08000300   Section       36  init.o(.text)
    i.BootLoaderMain                         0x08000324   Section        0  etherflash.o(i.BootLoaderMain)
    i.BusFault_Handler                       0x08000378   Section        0  stm32f4xx_it.o(i.BusFault_Handler)
    i.Checksum_16                            0x0800037a   Section        0  checksum.o(i.Checksum_16)
    i.DebugMon_Handler                       0x080003b0   Section        0  stm32f4xx_it.o(i.DebugMon_Handler)
    i.ENC28J60_SendByte                      0x080003b4   Section        0  enc28j60.o(i.ENC28J60_SendByte)
    i.EXTI0_IRQHandler                       0x080003d8   Section        0  stm32f4xx_it.o(i.EXTI0_IRQHandler)
    i.EXTI4_IRQHandler                       0x080003de   Section        0  stm32f4xx_it.o(i.EXTI4_IRQHandler)
    i.FLASH_Erase_Sector                     0x080003e4   Section        0  stm32f4xx_hal_flash_ex.o(i.FLASH_Erase_Sector)
    i.FLASH_FlushCaches                      0x08000438   Section        0  stm32f4xx_hal_flash_ex.o(i.FLASH_FlushCaches)
    i.FLASH_If_Erase                         0x0800048c   Section        0  flash_if.o(i.FLASH_If_Erase)
    i.FLASH_If_Init                          0x080004d4   Section        0  flash_if.o(i.FLASH_If_Init)
    i.FLASH_If_Write                         0x080004ec   Section        0  flash_if.o(i.FLASH_If_Write)
    i.FLASH_MassErase                        0x08000544   Section        0  stm32f4xx_hal_flash_ex.o(i.FLASH_MassErase)
    FLASH_MassErase                          0x08000545   Thumb Code    58  stm32f4xx_hal_flash_ex.o(i.FLASH_MassErase)
    i.FLASH_Program_Byte                     0x08000584   Section        0  stm32f4xx_hal_flash.o(i.FLASH_Program_Byte)
    FLASH_Program_Byte                       0x08000585   Thumb Code    26  stm32f4xx_hal_flash.o(i.FLASH_Program_Byte)
    i.FLASH_Program_DoubleWord               0x080005a4   Section        0  stm32f4xx_hal_flash.o(i.FLASH_Program_DoubleWord)
    FLASH_Program_DoubleWord                 0x080005a5   Thumb Code    34  stm32f4xx_hal_flash.o(i.FLASH_Program_DoubleWord)
    i.FLASH_Program_HalfWord                 0x080005cc   Section        0  stm32f4xx_hal_flash.o(i.FLASH_Program_HalfWord)
    FLASH_Program_HalfWord                   0x080005cd   Thumb Code    30  stm32f4xx_hal_flash.o(i.FLASH_Program_HalfWord)
    i.FLASH_Program_Word                     0x080005f0   Section        0  stm32f4xx_hal_flash.o(i.FLASH_Program_Word)
    FLASH_Program_Word                       0x080005f1   Thumb Code    30  stm32f4xx_hal_flash.o(i.FLASH_Program_Word)
    i.FLASH_SetErrorCode                     0x08000614   Section        0  stm32f4xx_hal_flash.o(i.FLASH_SetErrorCode)
    FLASH_SetErrorCode                       0x08000615   Thumb Code   116  stm32f4xx_hal_flash.o(i.FLASH_SetErrorCode)
    i.FLASH_WaitForLastOperation             0x08000690   Section        0  stm32f4xx_hal_flash.o(i.FLASH_WaitForLastOperation)
    i.GetSector                              0x080006e0   Section        0  flash_if.o(i.GetSector)
    GetSector                                0x080006e1   Thumb Code   294  flash_if.o(i.GetSector)
    i.HAL_DMA_Abort_IT                       0x0800085c   Section        0  stm32f4xx_hal_dma.o(i.HAL_DMA_Abort_IT)
    i.HAL_Delay                              0x08000880   Section        0  stm32f4xx_hal.o(i.HAL_Delay)
    i.HAL_FLASHEx_Erase                      0x080008a4   Section        0  stm32f4xx_hal_flash_ex.o(i.HAL_FLASHEx_Erase)
    i.HAL_FLASH_Lock                         0x08000940   Section        0  stm32f4xx_hal_flash.o(i.HAL_FLASH_Lock)
    i.HAL_FLASH_Program                      0x08000954   Section        0  stm32f4xx_hal_flash.o(i.HAL_FLASH_Program)
    i.HAL_FLASH_Unlock                       0x080009d0   Section        0  stm32f4xx_hal_flash.o(i.HAL_FLASH_Unlock)
    i.HAL_GPIO_EXTI_Callback                 0x080009fc   Section        0  stm32f4xx_hal_gpio.o(i.HAL_GPIO_EXTI_Callback)
    i.HAL_GPIO_EXTI_IRQHandler               0x08000a00   Section        0  stm32f4xx_hal_gpio.o(i.HAL_GPIO_EXTI_IRQHandler)
    i.HAL_GPIO_Init                          0x08000a18   Section        0  stm32f4xx_hal_gpio.o(i.HAL_GPIO_Init)
    i.HAL_GPIO_WritePin                      0x08000be4   Section        0  stm32f4xx_hal_gpio.o(i.HAL_GPIO_WritePin)
    i.HAL_GetTick                            0x08000bf0   Section        0  stm32f4xx_hal.o(i.HAL_GetTick)
    i.HAL_IncTick                            0x08000bfc   Section        0  stm32f4xx_hal.o(i.HAL_IncTick)
    i.HAL_Init                               0x08000c0c   Section        0  stm32f4xx_hal.o(i.HAL_Init)
    i.HAL_InitTick                           0x08000c40   Section        0  stm32f4xx_hal_timebase_tim.o(i.HAL_InitTick)
    i.HAL_MspInit                            0x08000cb4   Section        0  stm32f4xx_hal_msp.o(i.HAL_MspInit)
    i.HAL_NVIC_EnableIRQ                     0x08000ce4   Section        0  stm32f4xx_hal_cortex.o(i.HAL_NVIC_EnableIRQ)
    i.HAL_NVIC_SetPriority                   0x08000d00   Section        0  stm32f4xx_hal_cortex.o(i.HAL_NVIC_SetPriority)
    i.HAL_NVIC_SetPriorityGrouping           0x08000d40   Section        0  stm32f4xx_hal_cortex.o(i.HAL_NVIC_SetPriorityGrouping)
    i.HAL_RCC_ClockConfig                    0x08000d64   Section        0  stm32f4xx_hal_rcc.o(i.HAL_RCC_ClockConfig)
    i.HAL_RCC_GetClockConfig                 0x08000e94   Section        0  stm32f4xx_hal_rcc.o(i.HAL_RCC_GetClockConfig)
    i.HAL_RCC_GetPCLK1Freq                   0x08000ed4   Section        0  stm32f4xx_hal_rcc.o(i.HAL_RCC_GetPCLK1Freq)
    i.HAL_RCC_GetPCLK2Freq                   0x08000ef4   Section        0  stm32f4xx_hal_rcc.o(i.HAL_RCC_GetPCLK2Freq)
    i.HAL_RCC_GetSysClockFreq                0x08000f14   Section        0  stm32f4xx_hal_rcc.o(i.HAL_RCC_GetSysClockFreq)
    i.HAL_RCC_OscConfig                      0x08000f78   Section        0  stm32f4xx_hal_rcc.o(i.HAL_RCC_OscConfig)
    i.HAL_SPI_Init                           0x08001294   Section        0  stm32f4xx_hal_spi.o(i.HAL_SPI_Init)
    i.HAL_SPI_MspInit                        0x08001314   Section        0  stm32f4xx_hal_msp.o(i.HAL_SPI_MspInit)
    i.HAL_SPI_TransmitReceive                0x0800137c   Section        0  stm32f4xx_hal_spi.o(i.HAL_SPI_TransmitReceive)
    i.HAL_TIMEx_BreakCallback                0x0800155e   Section        0  stm32f4xx_hal_tim_ex.o(i.HAL_TIMEx_BreakCallback)
    i.HAL_TIMEx_CommutCallback               0x08001560   Section        0  stm32f4xx_hal_tim_ex.o(i.HAL_TIMEx_CommutCallback)
    i.HAL_TIM_Base_Init                      0x08001562   Section        0  stm32f4xx_hal_tim.o(i.HAL_TIM_Base_Init)
    i.HAL_TIM_Base_MspInit                   0x08001598   Section        0  stm32f4xx_hal_msp.o(i.HAL_TIM_Base_MspInit)
    i.HAL_TIM_Base_Start_IT                  0x080015d4   Section        0  stm32f4xx_hal_tim.o(i.HAL_TIM_Base_Start_IT)
    i.HAL_TIM_IC_CaptureCallback             0x080015f6   Section        0  stm32f4xx_hal_tim.o(i.HAL_TIM_IC_CaptureCallback)
    i.HAL_TIM_IRQHandler                     0x080015f8   Section        0  stm32f4xx_hal_tim.o(i.HAL_TIM_IRQHandler)
    i.HAL_TIM_OC_DelayElapsedCallback        0x0800175e   Section        0  stm32f4xx_hal_tim.o(i.HAL_TIM_OC_DelayElapsedCallback)
    i.HAL_TIM_PWM_PulseFinishedCallback      0x08001760   Section        0  stm32f4xx_hal_tim.o(i.HAL_TIM_PWM_PulseFinishedCallback)
    i.HAL_TIM_PeriodElapsedCallback          0x08001764   Section        0  main.o(i.HAL_TIM_PeriodElapsedCallback)
    i.HAL_TIM_TriggerCallback                0x08001784   Section        0  stm32f4xx_hal_tim.o(i.HAL_TIM_TriggerCallback)
    i.HAL_UART_ErrorCallback                 0x08001786   Section        0  stm32f4xx_hal_uart.o(i.HAL_UART_ErrorCallback)
    i.HAL_UART_IRQHandler                    0x08001788   Section        0  stm32f4xx_hal_uart.o(i.HAL_UART_IRQHandler)
    i.HAL_UART_Init                          0x08001898   Section        0  stm32f4xx_hal_uart.o(i.HAL_UART_Init)
    i.HAL_UART_MspInit                       0x080018fc   Section        0  stm32f4xx_hal_msp.o(i.HAL_UART_MspInit)
    i.HAL_UART_Receive_IT                    0x08001978   Section        0  stm32f4xx_hal_uart.o(i.HAL_UART_Receive_IT)
    i.HAL_UART_RxCpltCallback                0x080019cc   Section        0  console.o(i.HAL_UART_RxCpltCallback)
    i.HAL_UART_Transmit                      0x08001a24   Section        0  stm32f4xx_hal_uart.o(i.HAL_UART_Transmit)
    i.HAL_UART_TxCpltCallback                0x08001ade   Section        0  stm32f4xx_hal_uart.o(i.HAL_UART_TxCpltCallback)
    i.HardFault_Handler                      0x08001ae0   Section        0  stm32f4xx_it.o(i.HardFault_Handler)
    i.MX_GPIO_Init                           0x08001ae4   Section        0  main.o(i.MX_GPIO_Init)
    MX_GPIO_Init                             0x08001ae5   Thumb Code   236  main.o(i.MX_GPIO_Init)
    i.MX_SPI1_Init                           0x08001be4   Section        0  main.o(i.MX_SPI1_Init)
    MX_SPI1_Init                             0x08001be5   Thumb Code    46  main.o(i.MX_SPI1_Init)
    i.Make_ETH_Header                        0x08001c1c   Section        0  ethernet.o(i.Make_ETH_Header)
    i.Make_IP_Header                         0x08001c4c   Section        0  ethernet.o(i.Make_IP_Header)
    i.MemManage_Handler                      0x08001c98   Section        0  stm32f4xx_it.o(i.MemManage_Handler)
    i.NMI_Handler                            0x08001c9a   Section        0  stm32f4xx_it.o(i.NMI_Handler)
    i.PendSV_Handler                         0x08001c9c   Section        0  stm32f4xx_it.o(i.PendSV_Handler)
    i.SPI_EndRxTxTransaction                 0x08001c9e   Section        0  stm32f4xx_hal_spi.o(i.SPI_EndRxTxTransaction)
    SPI_EndRxTxTransaction                   0x08001c9f   Thumb Code    32  stm32f4xx_hal_spi.o(i.SPI_EndRxTxTransaction)
    i.SPI_WaitFlagStateUntilTimeout          0x08001cbe   Section        0  stm32f4xx_hal_spi.o(i.SPI_WaitFlagStateUntilTimeout)
    SPI_WaitFlagStateUntilTimeout            0x08001cbf   Thumb Code   148  stm32f4xx_hal_spi.o(i.SPI_WaitFlagStateUntilTimeout)
    i.SVC_Handler                            0x08001d52   Section        0  stm32f4xx_it.o(i.SVC_Handler)
    i.Start_Application                      0x08001d54   Section        0  etherflash.o(i.Start_Application)
    i.SysTick_Handler                        0x08001dc0   Section        0  stm32f4xx_it.o(i.SysTick_Handler)
    i.SystemClock_Config                     0x08001dc4   Section        0  main.o(i.SystemClock_Config)
    i.SystemInit                             0x08001e48   Section        0  system_stm32f4xx.o(i.SystemInit)
    i.TIM1_TRG_COM_TIM11_IRQHandler          0x08001e9c   Section        0  stm32f4xx_it.o(i.TIM1_TRG_COM_TIM11_IRQHandler)
    i.TIM1_UP_TIM10_IRQHandler               0x08001ea8   Section        0  stm32f4xx_it.o(i.TIM1_UP_TIM10_IRQHandler)
    i.TIM_Base_SetConfig                     0x08001eb4   Section        0  stm32f4xx_hal_tim.o(i.TIM_Base_SetConfig)
    i.UART_DMAAbortOnError                   0x08001f7c   Section        0  stm32f4xx_hal_uart.o(i.UART_DMAAbortOnError)
    UART_DMAAbortOnError                     0x08001f7d   Thumb Code    16  stm32f4xx_hal_uart.o(i.UART_DMAAbortOnError)
    i.UART_EndRxTransfer                     0x08001f8c   Section        0  stm32f4xx_hal_uart.o(i.UART_EndRxTransfer)
    UART_EndRxTransfer                       0x08001f8d   Thumb Code    28  stm32f4xx_hal_uart.o(i.UART_EndRxTransfer)
    i.UART_Receive_IT                        0x08001fa8   Section        0  stm32f4xx_hal_uart.o(i.UART_Receive_IT)
    UART_Receive_IT                          0x08001fa9   Thumb Code   150  stm32f4xx_hal_uart.o(i.UART_Receive_IT)
    i.UART_SetConfig                         0x08002040   Section        0  stm32f4xx_hal_uart.o(i.UART_SetConfig)
    UART_SetConfig                           0x08002041   Thumb Code   676  stm32f4xx_hal_uart.o(i.UART_SetConfig)
    i.UART_Transmit_IT                       0x080022ec   Section        0  stm32f4xx_hal_uart.o(i.UART_Transmit_IT)
    UART_Transmit_IT                         0x080022ed   Thumb Code    98  stm32f4xx_hal_uart.o(i.UART_Transmit_IT)
    i.UART_WaitOnFlagUntilTimeout            0x0800234e   Section        0  stm32f4xx_hal_uart.o(i.UART_WaitOnFlagUntilTimeout)
    UART_WaitOnFlagUntilTimeout              0x0800234f   Thumb Code   100  stm32f4xx_hal_uart.o(i.UART_WaitOnFlagUntilTimeout)
    i.UDP_RegisterSocket                     0x080023b4   Section        0  udp.o(i.UDP_RegisterSocket)
    i.UDP_SendPacket                         0x080023e8   Section        0  udp.o(i.UDP_SendPacket)
    i.UDP_UnRegisterSocket                   0x08002450   Section        0  udp.o(i.UDP_UnRegisterSocket)
    i.USART1_IRQHandler                      0x08002474   Section        0  stm32f4xx_it.o(i.USART1_IRQHandler)
    i.UsageFault_Handler                     0x08002480   Section        0  stm32f4xx_it.o(i.UsageFault_Handler)
    i.__0sprintf$3                           0x08002484   Section        0  printf3.o(i.__0sprintf$3)
    i.__NVIC_SetPriority                     0x080024ac   Section        0  stm32f4xx_hal_cortex.o(i.__NVIC_SetPriority)
    __NVIC_SetPriority                       0x080024ad   Thumb Code    32  stm32f4xx_hal_cortex.o(i.__NVIC_SetPriority)
    i.__scatterload_copy                     0x080024cc   Section       14  handlers.o(i.__scatterload_copy)
    i.__scatterload_null                     0x080024da   Section        2  handlers.o(i.__scatterload_null)
    i.__scatterload_zeroinit                 0x080024dc   Section       14  handlers.o(i.__scatterload_zeroinit)
    i._printf_core                           0x080024ec   Section        0  printf3.o(i._printf_core)
    _printf_core                             0x080024ed   Thumb Code   436  printf3.o(i._printf_core)
    i._sputc                                 0x080026a4   Section        0  printf3.o(i._sputc)
    _sputc                                   0x080026a5   Thumb Code    10  printf3.o(i._sputc)
    i.arp_entry_add                          0x080026b0   Section        0  arp.o(i.arp_entry_add)
    i.arp_entry_search                       0x08002714   Section        0  arp.o(i.arp_entry_search)
    i.arp_reply                              0x08002740   Section        0  arp.o(i.arp_reply)
    i.consoletTxHandle                       0x080027e0   Section        0  console.o(i.consoletTxHandle)
    i.enc28j60Init                           0x08002800   Section        0  enc28j60.o(i.enc28j60Init)
    i.enc28j60PacketReceive                  0x08002940   Section        0  enc28j60.o(i.enc28j60PacketReceive)
    i.enc28j60PacketSend                     0x08002a0c   Section        0  enc28j60.o(i.enc28j60PacketSend)
    i.enc28j60PhyReadH                       0x08002a84   Section        0  enc28j60.o(i.enc28j60PhyReadH)
    i.enc28j60PhyWrite                       0x08002ab2   Section        0  enc28j60.o(i.enc28j60PhyWrite)
    i.enc28j60Read                           0x08002ae2   Section        0  enc28j60.o(i.enc28j60Read)
    i.enc28j60ReadBuffer                     0x08002af8   Section        0  enc28j60.o(i.enc28j60ReadBuffer)
    i.enc28j60ReadOp                         0x08002b34   Section        0  enc28j60.o(i.enc28j60ReadOp)
    i.enc28j60SetBank                        0x08002b78   Section        0  enc28j60.o(i.enc28j60SetBank)
    i.enc28j60Write                          0x08002ba8   Section        0  enc28j60.o(i.enc28j60Write)
    i.enc28j60WriteBuffer                    0x08002bc0   Section        0  enc28j60.o(i.enc28j60WriteBuffer)
    i.enc28j60WriteOp                        0x08002bf8   Section        0  enc28j60.o(i.enc28j60WriteOp)
    i.enc28j60getrev                         0x08002c30   Section        0  enc28j60.o(i.enc28j60getrev)
    i.enc28j60linkup                         0x08002c42   Section        0  enc28j60.o(i.enc28j60linkup)
    i.eth_packet_dispatcher                  0x08002c50   Section        0  ethernet.o(i.eth_packet_dispatcher)
    i.etherflash_main                        0x08002c8c   Section        0  etherflash.o(i.etherflash_main)
    i.main                                   0x08002cd0   Section        0  main.o(i.main)
    i.pAlarmAndLedControlCallback            0x08002d38   Section        0  systemcontrolcallback.o(i.pAlarmAndLedControlCallback)
    pAlarmAndLedControlCallback              0x08002d39   Thumb Code     2  systemcontrolcallback.o(i.pAlarmAndLedControlCallback)
    i.pConsoleCallbackHandle                 0x08002d3c   Section        0  etherflash.o(i.pConsoleCallbackHandle)
    i.pConsoleInit                           0x08002f34   Section        0  console.o(i.pConsoleInit)
    i.pPortControlCallback                   0x08002f58   Section        0  systemcontrolcallback.o(i.pPortControlCallback)
    pPortControlCallback                     0x08002f59   Thumb Code    12  systemcontrolcallback.o(i.pPortControlCallback)
    i.pPressAnyKeyControlCallback            0x08002f68   Section        0  systemcontrolcallback.o(i.pPressAnyKeyControlCallback)
    pPressAnyKeyControlCallback              0x08002f69   Thumb Code    90  systemcontrolcallback.o(i.pPressAnyKeyControlCallback)
    i.pSystemControlCallback                 0x08003008   Section        0  systemcontrolcallback.o(i.pSystemControlCallback)
    i.pSystemControlCallbackStart            0x08003040   Section        0  systemcontrolcallback.o(i.pSystemControlCallbackStart)
    i.sendTFTPrequest                        0x0800304c   Section        0  etherflash.o(i.sendTFTPrequest)
    i.stack_init                             0x080030f8   Section        0  ethernet.o(i.stack_init)
    i.tftp_get                               0x0800313c   Section        0  etherflash.o(i.tftp_get)
    i.udp                                    0x08003294   Section        0  udp.o(i.udp)
    i.udp_init                               0x080032d8   Section        0  udp.o(i.udp_init)
    .constdata                               0x080032f4   Section       16  system_stm32f4xx.o(.constdata)
    .constdata                               0x08003304   Section        8  system_stm32f4xx.o(.constdata)
    .data                                    0x20000000   Section        4  enc28j60.o(.data)
    Enc28j60Bank                             0x20000000   Data           1  enc28j60.o(.data)
    gNextPacketPtr                           0x20000002   Data           2  enc28j60.o(.data)
    .data                                    0x20000004   Section        4  eemem.o(.data)
    .data                                    0x20000008   Section        4  eemem.o(.data)
    .data                                    0x2000000c   Section        8  arp.o(.data)
    .data                                    0x20000014   Section       20  ethernet.o(.data)
    .data                                    0x20000028   Section       26  ethernet.o(.data)
    .data                                    0x20000044   Section        4  ethernet.o(.data)
    .data                                    0x20000048   Section       40  etherflash.o(.data)
    mymac                                    0x20000064   Data           6  etherflash.o(.data)
    .data                                    0x20000070   Section       52  systemcontrolcallback.o(.data)
    cnt                                      0x20000071   Data           1  systemcontrolcallback.o(.data)
    .data                                    0x200000a4   Section       12  stm32f4xx_hal.o(.data)
    .data                                    0x200000b0   Section        4  system_stm32f4xx.o(.data)
    .data                                    0x200000b4   Section        1  console.o(.data)
    .bss                                     0x200000b8   Section       60  arp.o(.bss)
    .bss                                     0x200000f4   Section     1200  ethernet.o(.bss)
    .bss                                     0x200005a4   Section       40  udp.o(.bss)
    .bss                                     0x200005cc   Section       16  etherflash.o(.bss)
    .bss                                     0x200005dc   Section      216  main.o(.bss)
    .bss                                     0x200006b4   Section       64  stm32f4xx_hal_timebase_tim.o(.bss)
    .bss                                     0x200006f4   Section       32  stm32f4xx_hal_flash.o(.bss)
    .bss                                     0x20000714   Section       56  console.o(.bss)
    STACK                                    0x20000750   Section     1024  startup_stm32f429xx.o(STACK)

    Global Symbols

    Symbol Name                              Value     Ov Type        Size  Object(Section)

    BuildAttributes$$THM_ISAv4$E$P$D$K$B$S$7EM$VFPi3$EXTD16$VFPS$VFMA$PE$A:L22UL41UL21$X:L11$S22US41US21$IEEE1$IW$USESV6$~STKCKD$USESV7$~SHL$OSPACE$ROPI$EBA8$MICROLIB$REQ8$PRES8$EABIv2 0x00000000   Number         0  anon$$obj.o ABSOLUTE
    __ARM_use_no_argv                        0x00000000   Number         0  main.o ABSOLUTE
    _printf_a                                0x00000000   Number         0  stubs.o ABSOLUTE
    _printf_c                                0x00000000   Number         0  stubs.o ABSOLUTE
    _printf_charcount                        0x00000000   Number         0  stubs.o ABSOLUTE
    _printf_d                                0x00000000   Number         0  stubs.o ABSOLUTE
    _printf_e                                0x00000000   Number         0  stubs.o ABSOLUTE
    _printf_f                                0x00000000   Number         0  stubs.o ABSOLUTE
    _printf_flags                            0x00000000   Number         0  stubs.o ABSOLUTE
    _printf_fp_dec                           0x00000000   Number         0  stubs.o ABSOLUTE
    _printf_fp_hex                           0x00000000   Number         0  stubs.o ABSOLUTE
    _printf_g                                0x00000000   Number         0  stubs.o ABSOLUTE
    _printf_i                                0x00000000   Number         0  stubs.o ABSOLUTE
    _printf_int_dec                          0x00000000   Number         0  stubs.o ABSOLUTE
    _printf_l                                0x00000000   Number         0  stubs.o ABSOLUTE
    _printf_lc                               0x00000000   Number         0  stubs.o ABSOLUTE
    _printf_ll                               0x00000000   Number         0  stubs.o ABSOLUTE
    _printf_lld                              0x00000000   Number         0  stubs.o ABSOLUTE
    _printf_lli                              0x00000000   Number         0  stubs.o ABSOLUTE
    _printf_llo                              0x00000000   Number         0  stubs.o ABSOLUTE
    _printf_llu                              0x00000000   Number         0  stubs.o ABSOLUTE
    _printf_llx                              0x00000000   Number         0  stubs.o ABSOLUTE
    _printf_longlong_dec                     0x00000000   Number         0  stubs.o ABSOLUTE
    _printf_longlong_hex                     0x00000000   Number         0  stubs.o ABSOLUTE
    _printf_longlong_oct                     0x00000000   Number         0  stubs.o ABSOLUTE
    _printf_ls                               0x00000000   Number         0  stubs.o ABSOLUTE
    _printf_mbtowc                           0x00000000   Number         0  stubs.o ABSOLUTE
    _printf_n                                0x00000000   Number         0  stubs.o ABSOLUTE
    _printf_o                                0x00000000   Number         0  stubs.o ABSOLUTE
    _printf_p                                0x00000000   Number         0  stubs.o ABSOLUTE
    _printf_percent                          0x00000000   Number         0  stubs.o ABSOLUTE
    _printf_pre_padding                      0x00000000   Number         0  stubs.o ABSOLUTE
    _printf_return_value                     0x00000000   Number         0  stubs.o ABSOLUTE
    _printf_s                                0x00000000   Number         0  stubs.o ABSOLUTE
    _printf_sizespec                         0x00000000   Number         0  stubs.o ABSOLUTE
    _printf_str                              0x00000000   Number         0  stubs.o ABSOLUTE
    _printf_truncate_signed                  0x00000000   Number         0  stubs.o ABSOLUTE
    _printf_truncate_unsigned                0x00000000   Number         0  stubs.o ABSOLUTE
    _printf_u                                0x00000000   Number         0  stubs.o ABSOLUTE
    _printf_wc                               0x00000000   Number         0  stubs.o ABSOLUTE
    _printf_wctomb                           0x00000000   Number         0  stubs.o ABSOLUTE
    _printf_widthprec                        0x00000000   Number         0  stubs.o ABSOLUTE
    _printf_x                                0x00000000   Number         0  stubs.o ABSOLUTE
    __cpp_initialize__aeabi_                  - Undefined Weak Reference
    __cxa_finalize                            - Undefined Weak Reference
    __decompress                              - Undefined Weak Reference
    _clock_init                               - Undefined Weak Reference
    _microlib_exit                            - Undefined Weak Reference
    __Vectors_Size                           0x000001ac   Number         0  startup_stm32f429xx.o ABSOLUTE
    __Vectors                                0x08000000   Data           4  startup_stm32f429xx.o(RESET)
    __Vectors_End                            0x080001ac   Data           0  startup_stm32f429xx.o(RESET)
    __main                                   0x080001ad   Thumb Code     0  entry.o(.ARM.Collect$$$$00000000)
    _main_stk                                0x080001ad   Thumb Code     0  entry2.o(.ARM.Collect$$$$00000001)
    _main_scatterload                        0x080001b1   Thumb Code     0  entry5.o(.ARM.Collect$$$$00000004)
    __main_after_scatterload                 0x080001b5   Thumb Code     0  entry5.o(.ARM.Collect$$$$00000004)
    _main_clock                              0x080001b5   Thumb Code     0  entry7b.o(.ARM.Collect$$$$00000008)
    _main_cpp_init                           0x080001b5   Thumb Code     0  entry8b.o(.ARM.Collect$$$$0000000A)
    _main_init                               0x080001b5   Thumb Code     0  entry9a.o(.ARM.Collect$$$$0000000B)
    __rt_final_cpp                           0x080001bd   Thumb Code     0  entry10a.o(.ARM.Collect$$$$0000000D)
    __rt_final_exit                          0x080001bd   Thumb Code     0  entry11a.o(.ARM.Collect$$$$0000000F)
    Reset_Handler                            0x080001c1   Thumb Code     8  startup_stm32f429xx.o(.text)
    ADC_IRQHandler                           0x080001db   Thumb Code     0  startup_stm32f429xx.o(.text)
    CAN1_RX0_IRQHandler                      0x080001db   Thumb Code     0  startup_stm32f429xx.o(.text)
    CAN1_RX1_IRQHandler                      0x080001db   Thumb Code     0  startup_stm32f429xx.o(.text)
    CAN1_SCE_IRQHandler                      0x080001db   Thumb Code     0  startup_stm32f429xx.o(.text)
    CAN1_TX_IRQHandler                       0x080001db   Thumb Code     0  startup_stm32f429xx.o(.text)
    CAN2_RX0_IRQHandler                      0x080001db   Thumb Code     0  startup_stm32f429xx.o(.text)
    CAN2_RX1_IRQHandler                      0x080001db   Thumb Code     0  startup_stm32f429xx.o(.text)
    CAN2_SCE_IRQHandler                      0x080001db   Thumb Code     0  startup_stm32f429xx.o(.text)
    CAN2_TX_IRQHandler                       0x080001db   Thumb Code     0  startup_stm32f429xx.o(.text)
    DCMI_IRQHandler                          0x080001db   Thumb Code     0  startup_stm32f429xx.o(.text)
    DMA1_Stream0_IRQHandler                  0x080001db   Thumb Code     0  startup_stm32f429xx.o(.text)
    DMA1_Stream1_IRQHandler                  0x080001db   Thumb Code     0  startup_stm32f429xx.o(.text)
    DMA1_Stream2_IRQHandler                  0x080001db   Thumb Code     0  startup_stm32f429xx.o(.text)
    DMA1_Stream3_IRQHandler                  0x080001db   Thumb Code     0  startup_stm32f429xx.o(.text)
    DMA1_Stream4_IRQHandler                  0x080001db   Thumb Code     0  startup_stm32f429xx.o(.text)
    DMA1_Stream5_IRQHandler                  0x080001db   Thumb Code     0  startup_stm32f429xx.o(.text)
    DMA1_Stream6_IRQHandler                  0x080001db   Thumb Code     0  startup_stm32f429xx.o(.text)
    DMA1_Stream7_IRQHandler                  0x080001db   Thumb Code     0  startup_stm32f429xx.o(.text)
    DMA2D_IRQHandler                         0x080001db   Thumb Code     0  startup_stm32f429xx.o(.text)
    DMA2_Stream0_IRQHandler                  0x080001db   Thumb Code     0  startup_stm32f429xx.o(.text)
    DMA2_Stream1_IRQHandler                  0x080001db   Thumb Code     0  startup_stm32f429xx.o(.text)
    DMA2_Stream2_IRQHandler                  0x080001db   Thumb Code     0  startup_stm32f429xx.o(.text)
    DMA2_Stream3_IRQHandler                  0x080001db   Thumb Code     0  startup_stm32f429xx.o(.text)
    DMA2_Stream4_IRQHandler                  0x080001db   Thumb Code     0  startup_stm32f429xx.o(.text)
    DMA2_Stream5_IRQHandler                  0x080001db   Thumb Code     0  startup_stm32f429xx.o(.text)
    DMA2_Stream6_IRQHandler                  0x080001db   Thumb Code     0  startup_stm32f429xx.o(.text)
    DMA2_Stream7_IRQHandler                  0x080001db   Thumb Code     0  startup_stm32f429xx.o(.text)
    ETH_IRQHandler                           0x080001db   Thumb Code     0  startup_stm32f429xx.o(.text)
    ETH_WKUP_IRQHandler                      0x080001db   Thumb Code     0  startup_stm32f429xx.o(.text)
    EXTI15_10_IRQHandler                     0x080001db   Thumb Code     0  startup_stm32f429xx.o(.text)
    EXTI1_IRQHandler                         0x080001db   Thumb Code     0  startup_stm32f429xx.o(.text)
    EXTI2_IRQHandler                         0x080001db   Thumb Code     0  startup_stm32f429xx.o(.text)
    EXTI3_IRQHandler                         0x080001db   Thumb Code     0  startup_stm32f429xx.o(.text)
    EXTI9_5_IRQHandler                       0x080001db   Thumb Code     0  startup_stm32f429xx.o(.text)
    FLASH_IRQHandler                         0x080001db   Thumb Code     0  startup_stm32f429xx.o(.text)
    FMC_IRQHandler                           0x080001db   Thumb Code     0  startup_stm32f429xx.o(.text)
    FPU_IRQHandler                           0x080001db   Thumb Code     0  startup_stm32f429xx.o(.text)
    HASH_RNG_IRQHandler                      0x080001db   Thumb Code     0  startup_stm32f429xx.o(.text)
    I2C1_ER_IRQHandler                       0x080001db   Thumb Code     0  startup_stm32f429xx.o(.text)
    I2C1_EV_IRQHandler                       0x080001db   Thumb Code     0  startup_stm32f429xx.o(.text)
    I2C2_ER_IRQHandler                       0x080001db   Thumb Code     0  startup_stm32f429xx.o(.text)
    I2C2_EV_IRQHandler                       0x080001db   Thumb Code     0  startup_stm32f429xx.o(.text)
    I2C3_ER_IRQHandler                       0x080001db   Thumb Code     0  startup_stm32f429xx.o(.text)
    I2C3_EV_IRQHandler                       0x080001db   Thumb Code     0  startup_stm32f429xx.o(.text)
    LTDC_ER_IRQHandler                       0x080001db   Thumb Code     0  startup_stm32f429xx.o(.text)
    LTDC_IRQHandler                          0x080001db   Thumb Code     0  startup_stm32f429xx.o(.text)
    OTG_FS_IRQHandler                        0x080001db   Thumb Code     0  startup_stm32f429xx.o(.text)
    OTG_FS_WKUP_IRQHandler                   0x080001db   Thumb Code     0  startup_stm32f429xx.o(.text)
    OTG_HS_EP1_IN_IRQHandler                 0x080001db   Thumb Code     0  startup_stm32f429xx.o(.text)
    OTG_HS_EP1_OUT_IRQHandler                0x080001db   Thumb Code     0  startup_stm32f429xx.o(.text)
    OTG_HS_IRQHandler                        0x080001db   Thumb Code     0  startup_stm32f429xx.o(.text)
    OTG_HS_WKUP_IRQHandler                   0x080001db   Thumb Code     0  startup_stm32f429xx.o(.text)
    PVD_IRQHandler                           0x080001db   Thumb Code     0  startup_stm32f429xx.o(.text)
    RCC_IRQHandler                           0x080001db   Thumb Code     0  startup_stm32f429xx.o(.text)
    RTC_Alarm_IRQHandler                     0x080001db   Thumb Code     0  startup_stm32f429xx.o(.text)
    RTC_WKUP_IRQHandler                      0x080001db   Thumb Code     0  startup_stm32f429xx.o(.text)
    SAI1_IRQHandler                          0x080001db   Thumb Code     0  startup_stm32f429xx.o(.text)
    SDIO_IRQHandler                          0x080001db   Thumb Code     0  startup_stm32f429xx.o(.text)
    SPI1_IRQHandler                          0x080001db   Thumb Code     0  startup_stm32f429xx.o(.text)
    SPI2_IRQHandler                          0x080001db   Thumb Code     0  startup_stm32f429xx.o(.text)
    SPI3_IRQHandler                          0x080001db   Thumb Code     0  startup_stm32f429xx.o(.text)
    SPI4_IRQHandler                          0x080001db   Thumb Code     0  startup_stm32f429xx.o(.text)
    SPI5_IRQHandler                          0x080001db   Thumb Code     0  startup_stm32f429xx.o(.text)
    SPI6_IRQHandler                          0x080001db   Thumb Code     0  startup_stm32f429xx.o(.text)
    TAMP_STAMP_IRQHandler                    0x080001db   Thumb Code     0  startup_stm32f429xx.o(.text)
    TIM1_BRK_TIM9_IRQHandler                 0x080001db   Thumb Code     0  startup_stm32f429xx.o(.text)
    TIM1_CC_IRQHandler                       0x080001db   Thumb Code     0  startup_stm32f429xx.o(.text)
    TIM2_IRQHandler                          0x080001db   Thumb Code     0  startup_stm32f429xx.o(.text)
    TIM3_IRQHandler                          0x080001db   Thumb Code     0  startup_stm32f429xx.o(.text)
    TIM4_IRQHandler                          0x080001db   Thumb Code     0  startup_stm32f429xx.o(.text)
    TIM5_IRQHandler                          0x080001db   Thumb Code     0  startup_stm32f429xx.o(.text)
    TIM6_DAC_IRQHandler                      0x080001db   Thumb Code     0  startup_stm32f429xx.o(.text)
    TIM7_IRQHandler                          0x080001db   Thumb Code     0  startup_stm32f429xx.o(.text)
    TIM8_BRK_TIM12_IRQHandler                0x080001db   Thumb Code     0  startup_stm32f429xx.o(.text)
    TIM8_CC_IRQHandler                       0x080001db   Thumb Code     0  startup_stm32f429xx.o(.text)
    TIM8_TRG_COM_TIM14_IRQHandler            0x080001db   Thumb Code     0  startup_stm32f429xx.o(.text)
    TIM8_UP_TIM13_IRQHandler                 0x080001db   Thumb Code     0  startup_stm32f429xx.o(.text)
    UART4_IRQHandler                         0x080001db   Thumb Code     0  startup_stm32f429xx.o(.text)
    UART5_IRQHandler                         0x080001db   Thumb Code     0  startup_stm32f429xx.o(.text)
    UART7_IRQHandler                         0x080001db   Thumb Code     0  startup_stm32f429xx.o(.text)
    UART8_IRQHandler                         0x080001db   Thumb Code     0  startup_stm32f429xx.o(.text)
    USART2_IRQHandler                        0x080001db   Thumb Code     0  startup_stm32f429xx.o(.text)
    USART3_IRQHandler                        0x080001db   Thumb Code     0  startup_stm32f429xx.o(.text)
    USART6_IRQHandler                        0x080001db   Thumb Code     0  startup_stm32f429xx.o(.text)
    WWDG_IRQHandler                          0x080001db   Thumb Code     0  startup_stm32f429xx.o(.text)
    __aeabi_uldivmod                         0x080001e5   Thumb Code    98  uldiv.o(.text)
    __aeabi_memset                           0x08000247   Thumb Code    14  memseta.o(.text)
    __aeabi_memset4                          0x08000247   Thumb Code     0  memseta.o(.text)
    __aeabi_memset8                          0x08000247   Thumb Code     0  memseta.o(.text)
    __aeabi_memclr                           0x08000255   Thumb Code     4  memseta.o(.text)
    __aeabi_memclr4                          0x08000255   Thumb Code     0  memseta.o(.text)
    __aeabi_memclr8                          0x08000255   Thumb Code     0  memseta.o(.text)
    _memset$wrapper                          0x08000259   Thumb Code    18  memseta.o(.text)
    strlen                                   0x0800026b   Thumb Code    14  strlen.o(.text)
    strncmp                                  0x08000279   Thumb Code    30  strncmp.o(.text)
    __aeabi_uidiv                            0x08000297   Thumb Code     0  uidiv.o(.text)
    __aeabi_uidivmod                         0x08000297   Thumb Code    44  uidiv.o(.text)
    __aeabi_llsl                             0x080002c3   Thumb Code    30  llshl.o(.text)
    _ll_shift_l                              0x080002c3   Thumb Code     0  llshl.o(.text)
    __aeabi_llsr                             0x080002e1   Thumb Code    32  llushr.o(.text)
    _ll_ushift_r                             0x080002e1   Thumb Code     0  llushr.o(.text)
    __scatterload                            0x08000301   Thumb Code    28  init.o(.text)
    __scatterload_rt2                        0x08000301   Thumb Code     0  init.o(.text)
    BootLoaderMain                           0x08000325   Thumb Code    70  etherflash.o(i.BootLoaderMain)
    BusFault_Handler                         0x08000379   Thumb Code     2  stm32f4xx_it.o(i.BusFault_Handler)
    Checksum_16                              0x0800037b   Thumb Code    54  checksum.o(i.Checksum_16)
    DebugMon_Handler                         0x080003b1   Thumb Code     2  stm32f4xx_it.o(i.DebugMon_Handler)
    ENC28J60_SendByte                        0x080003b5   Thumb Code    32  enc28j60.o(i.ENC28J60_SendByte)
    EXTI0_IRQHandler                         0x080003d9   Thumb Code     6  stm32f4xx_it.o(i.EXTI0_IRQHandler)
    EXTI4_IRQHandler                         0x080003df   Thumb Code     6  stm32f4xx_it.o(i.EXTI4_IRQHandler)
    FLASH_Erase_Sector                       0x080003e5   Thumb Code    80  stm32f4xx_hal_flash_ex.o(i.FLASH_Erase_Sector)
    FLASH_FlushCaches                        0x08000439   Thumb Code    80  stm32f4xx_hal_flash_ex.o(i.FLASH_FlushCaches)
    FLASH_If_Erase                           0x0800048d   Thumb Code    62  flash_if.o(i.FLASH_If_Erase)
    FLASH_If_Init                            0x080004d5   Thumb Code    20  flash_if.o(i.FLASH_If_Init)
    FLASH_If_Write                           0x080004ed   Thumb Code    84  flash_if.o(i.FLASH_If_Write)
    FLASH_WaitForLastOperation               0x08000691   Thumb Code    72  stm32f4xx_hal_flash.o(i.FLASH_WaitForLastOperation)
    HAL_DMA_Abort_IT                         0x0800085d   Thumb Code    36  stm32f4xx_hal_dma.o(i.HAL_DMA_Abort_IT)
    HAL_Delay                                0x08000881   Thumb Code    32  stm32f4xx_hal.o(i.HAL_Delay)
    HAL_FLASHEx_Erase                        0x080008a5   Thumb Code   146  stm32f4xx_hal_flash_ex.o(i.HAL_FLASHEx_Erase)
    HAL_FLASH_Lock                           0x08000941   Thumb Code    14  stm32f4xx_hal_flash.o(i.HAL_FLASH_Lock)
    HAL_FLASH_Program                        0x08000955   Thumb Code   116  stm32f4xx_hal_flash.o(i.HAL_FLASH_Program)
    HAL_FLASH_Unlock                         0x080009d1   Thumb Code    32  stm32f4xx_hal_flash.o(i.HAL_FLASH_Unlock)
    HAL_GPIO_EXTI_Callback                   0x080009fd   Thumb Code     2  stm32f4xx_hal_gpio.o(i.HAL_GPIO_EXTI_Callback)
    HAL_GPIO_EXTI_IRQHandler                 0x08000a01   Thumb Code    18  stm32f4xx_hal_gpio.o(i.HAL_GPIO_EXTI_IRQHandler)
    HAL_GPIO_Init                            0x08000a19   Thumb Code   408  stm32f4xx_hal_gpio.o(i.HAL_GPIO_Init)
    HAL_GPIO_WritePin                        0x08000be5   Thumb Code    10  stm32f4xx_hal_gpio.o(i.HAL_GPIO_WritePin)
    HAL_GetTick                              0x08000bf1   Thumb Code     6  stm32f4xx_hal.o(i.HAL_GetTick)
    HAL_IncTick                              0x08000bfd   Thumb Code    12  stm32f4xx_hal.o(i.HAL_IncTick)
    HAL_Init                                 0x08000c0d   Thumb Code    48  stm32f4xx_hal.o(i.HAL_Init)
    HAL_InitTick                             0x08000c41   Thumb Code   100  stm32f4xx_hal_timebase_tim.o(i.HAL_InitTick)
    HAL_MspInit                              0x08000cb5   Thumb Code    42  stm32f4xx_hal_msp.o(i.HAL_MspInit)
    HAL_NVIC_EnableIRQ                       0x08000ce5   Thumb Code    26  stm32f4xx_hal_cortex.o(i.HAL_NVIC_EnableIRQ)
    HAL_NVIC_SetPriority                     0x08000d01   Thumb Code    60  stm32f4xx_hal_cortex.o(i.HAL_NVIC_SetPriority)
    HAL_NVIC_SetPriorityGrouping             0x08000d41   Thumb Code    26  stm32f4xx_hal_cortex.o(i.HAL_NVIC_SetPriorityGrouping)
    HAL_RCC_ClockConfig                      0x08000d65   Thumb Code   286  stm32f4xx_hal_rcc.o(i.HAL_RCC_ClockConfig)
    HAL_RCC_GetClockConfig                   0x08000e95   Thumb Code    54  stm32f4xx_hal_rcc.o(i.HAL_RCC_GetClockConfig)
    HAL_RCC_GetPCLK1Freq                     0x08000ed5   Thumb Code    20  stm32f4xx_hal_rcc.o(i.HAL_RCC_GetPCLK1Freq)
    HAL_RCC_GetPCLK2Freq                     0x08000ef5   Thumb Code    20  stm32f4xx_hal_rcc.o(i.HAL_RCC_GetPCLK2Freq)
    HAL_RCC_GetSysClockFreq                  0x08000f15   Thumb Code    88  stm32f4xx_hal_rcc.o(i.HAL_RCC_GetSysClockFreq)
    HAL_RCC_OscConfig                        0x08000f79   Thumb Code   770  stm32f4xx_hal_rcc.o(i.HAL_RCC_OscConfig)
    HAL_SPI_Init                             0x08001295   Thumb Code   128  stm32f4xx_hal_spi.o(i.HAL_SPI_Init)
    HAL_SPI_MspInit                          0x08001315   Thumb Code    92  stm32f4xx_hal_msp.o(i.HAL_SPI_MspInit)
    HAL_SPI_TransmitReceive                  0x0800137d   Thumb Code   482  stm32f4xx_hal_spi.o(i.HAL_SPI_TransmitReceive)
    HAL_TIMEx_BreakCallback                  0x0800155f   Thumb Code     2  stm32f4xx_hal_tim_ex.o(i.HAL_TIMEx_BreakCallback)
    HAL_TIMEx_CommutCallback                 0x08001561   Thumb Code     2  stm32f4xx_hal_tim_ex.o(i.HAL_TIMEx_CommutCallback)
    HAL_TIM_Base_Init                        0x08001563   Thumb Code    54  stm32f4xx_hal_tim.o(i.HAL_TIM_Base_Init)
    HAL_TIM_Base_MspInit                     0x08001599   Thumb Code    50  stm32f4xx_hal_msp.o(i.HAL_TIM_Base_MspInit)
    HAL_TIM_Base_Start_IT                    0x080015d5   Thumb Code    34  stm32f4xx_hal_tim.o(i.HAL_TIM_Base_Start_IT)
    HAL_TIM_IC_CaptureCallback               0x080015f7   Thumb Code     2  stm32f4xx_hal_tim.o(i.HAL_TIM_IC_CaptureCallback)
    HAL_TIM_IRQHandler                       0x080015f9   Thumb Code   358  stm32f4xx_hal_tim.o(i.HAL_TIM_IRQHandler)
    HAL_TIM_OC_DelayElapsedCallback          0x0800175f   Thumb Code     2  stm32f4xx_hal_tim.o(i.HAL_TIM_OC_DelayElapsedCallback)
    HAL_TIM_PWM_PulseFinishedCallback        0x08001761   Thumb Code     2  stm32f4xx_hal_tim.o(i.HAL_TIM_PWM_PulseFinishedCallback)
    HAL_TIM_PeriodElapsedCallback            0x08001765   Thumb Code    24  main.o(i.HAL_TIM_PeriodElapsedCallback)
    HAL_TIM_TriggerCallback                  0x08001785   Thumb Code     2  stm32f4xx_hal_tim.o(i.HAL_TIM_TriggerCallback)
    HAL_UART_ErrorCallback                   0x08001787   Thumb Code     2  stm32f4xx_hal_uart.o(i.HAL_UART_ErrorCallback)
    HAL_UART_IRQHandler                      0x08001789   Thumb Code   266  stm32f4xx_hal_uart.o(i.HAL_UART_IRQHandler)
    HAL_UART_Init                            0x08001899   Thumb Code    98  stm32f4xx_hal_uart.o(i.HAL_UART_Init)
    HAL_UART_MspInit                         0x080018fd   Thumb Code   110  stm32f4xx_hal_msp.o(i.HAL_UART_MspInit)
    HAL_UART_Receive_IT                      0x08001979   Thumb Code    82  stm32f4xx_hal_uart.o(i.HAL_UART_Receive_IT)
    HAL_UART_RxCpltCallback                  0x080019cd   Thumb Code    70  console.o(i.HAL_UART_RxCpltCallback)
    HAL_UART_Transmit                        0x08001a25   Thumb Code   186  stm32f4xx_hal_uart.o(i.HAL_UART_Transmit)
    HAL_UART_TxCpltCallback                  0x08001adf   Thumb Code     2  stm32f4xx_hal_uart.o(i.HAL_UART_TxCpltCallback)
    HardFault_Handler                        0x08001ae1   Thumb Code     2  stm32f4xx_it.o(i.HardFault_Handler)
    Make_ETH_Header                          0x08001c1d   Thumb Code    40  ethernet.o(i.Make_ETH_Header)
    Make_IP_Header                           0x08001c4d   Thumb Code    72  ethernet.o(i.Make_IP_Header)
    MemManage_Handler                        0x08001c99   Thumb Code     2  stm32f4xx_it.o(i.MemManage_Handler)
    NMI_Handler                              0x08001c9b   Thumb Code     2  stm32f4xx_it.o(i.NMI_Handler)
    PendSV_Handler                           0x08001c9d   Thumb Code     2  stm32f4xx_it.o(i.PendSV_Handler)
    SVC_Handler                              0x08001d53   Thumb Code     2  stm32f4xx_it.o(i.SVC_Handler)
    Start_Application                        0x08001d55   Thumb Code    62  etherflash.o(i.Start_Application)
    SysTick_Handler                          0x08001dc1   Thumb Code     2  stm32f4xx_it.o(i.SysTick_Handler)
    SystemClock_Config                       0x08001dc5   Thumb Code   124  main.o(i.SystemClock_Config)
    SystemInit                               0x08001e49   Thumb Code    66  system_stm32f4xx.o(i.SystemInit)
    TIM1_TRG_COM_TIM11_IRQHandler            0x08001e9d   Thumb Code     6  stm32f4xx_it.o(i.TIM1_TRG_COM_TIM11_IRQHandler)
    TIM1_UP_TIM10_IRQHandler                 0x08001ea9   Thumb Code     6  stm32f4xx_it.o(i.TIM1_UP_TIM10_IRQHandler)
    TIM_Base_SetConfig                       0x08001eb5   Thumb Code   156  stm32f4xx_hal_tim.o(i.TIM_Base_SetConfig)
    UDP_RegisterSocket                       0x080023b5   Thumb Code    46  udp.o(i.UDP_RegisterSocket)
    UDP_SendPacket                           0x080023e9   Thumb Code   100  udp.o(i.UDP_SendPacket)
    UDP_UnRegisterSocket                     0x08002451   Thumb Code    30  udp.o(i.UDP_UnRegisterSocket)
    USART1_IRQHandler                        0x08002475   Thumb Code     6  stm32f4xx_it.o(i.USART1_IRQHandler)
    UsageFault_Handler                       0x08002481   Thumb Code     2  stm32f4xx_it.o(i.UsageFault_Handler)
    __0sprintf$3                             0x08002485   Thumb Code    34  printf3.o(i.__0sprintf$3)
    __1sprintf$3                             0x08002485   Thumb Code     0  printf3.o(i.__0sprintf$3)
    __2sprintf                               0x08002485   Thumb Code     0  printf3.o(i.__0sprintf$3)
    __scatterload_copy                       0x080024cd   Thumb Code    14  handlers.o(i.__scatterload_copy)
    __scatterload_null                       0x080024db   Thumb Code     2  handlers.o(i.__scatterload_null)
    __scatterload_zeroinit                   0x080024dd   Thumb Code    14  handlers.o(i.__scatterload_zeroinit)
    arp_entry_add                            0x080026b1   Thumb Code    96  arp.o(i.arp_entry_add)
    arp_entry_search                         0x08002715   Thumb Code    40  arp.o(i.arp_entry_search)
    arp_reply                                0x08002741   Thumb Code   144  arp.o(i.arp_reply)
    consoletTxHandle                         0x080027e1   Thumb Code    22  console.o(i.consoletTxHandle)
    enc28j60Init                             0x08002801   Thumb Code   310  enc28j60.o(i.enc28j60Init)
    enc28j60PacketReceive                    0x08002941   Thumb Code   200  enc28j60.o(i.enc28j60PacketReceive)
    enc28j60PacketSend                       0x08002a0d   Thumb Code   120  enc28j60.o(i.enc28j60PacketSend)
    enc28j60PhyReadH                         0x08002a85   Thumb Code    46  enc28j60.o(i.enc28j60PhyReadH)
    enc28j60PhyWrite                         0x08002ab3   Thumb Code    48  enc28j60.o(i.enc28j60PhyWrite)
    enc28j60Read                             0x08002ae3   Thumb Code    20  enc28j60.o(i.enc28j60Read)
    enc28j60ReadBuffer                       0x08002af9   Thumb Code    56  enc28j60.o(i.enc28j60ReadBuffer)
    enc28j60ReadOp                           0x08002b35   Thumb Code    62  enc28j60.o(i.enc28j60ReadOp)
    enc28j60SetBank                          0x08002b79   Thumb Code    42  enc28j60.o(i.enc28j60SetBank)
    enc28j60Write                            0x08002ba9   Thumb Code    24  enc28j60.o(i.enc28j60Write)
    enc28j60WriteBuffer                      0x08002bc1   Thumb Code    52  enc28j60.o(i.enc28j60WriteBuffer)
    enc28j60WriteOp                          0x08002bf9   Thumb Code    52  enc28j60.o(i.enc28j60WriteOp)
    enc28j60getrev                           0x08002c31   Thumb Code    18  enc28j60.o(i.enc28j60getrev)
    enc28j60linkup                           0x08002c43   Thumb Code    14  enc28j60.o(i.enc28j60linkup)
    eth_packet_dispatcher                    0x08002c51   Thumb Code    56  ethernet.o(i.eth_packet_dispatcher)
    etherflash_main                          0x08002c8d   Thumb Code    38  etherflash.o(i.etherflash_main)
    main                                     0x08002cd1   Thumb Code    86  main.o(i.main)
    pConsoleCallbackHandle                   0x08002d3d   Thumb Code   344  etherflash.o(i.pConsoleCallbackHandle)
    pConsoleInit                             0x08002f35   Thumb Code    26  console.o(i.pConsoleInit)
    pSystemControlCallback                   0x08003009   Thumb Code    50  systemcontrolcallback.o(i.pSystemControlCallback)
    pSystemControlCallbackStart              0x08003041   Thumb Code     6  systemcontrolcallback.o(i.pSystemControlCallbackStart)
    sendTFTPrequest                          0x0800304d   Thumb Code   152  etherflash.o(i.sendTFTPrequest)
    stack_init                               0x080030f9   Thumb Code    52  ethernet.o(i.stack_init)
    tftp_get                                 0x0800313d   Thumb Code   296  etherflash.o(i.tftp_get)
    udp                                      0x08003295   Thumb Code    58  udp.o(i.udp)
    udp_init                                 0x080032d9   Thumb Code    22  udp.o(i.udp_init)
    AHBPrescTable                            0x080032f4   Data          16  system_stm32f4xx.o(.constdata)
    APBPrescTable                            0x08003304   Data           8  system_stm32f4xx.o(.constdata)
    Region$$Table$$Base                      0x0800330c   Number         0  anon$$obj.o(Region$$Table)
    Region$$Table$$Limit                     0x0800332c   Number         0  anon$$obj.o(Region$$Table)
    mlGatewayEEP                             0x20000004   Data           4  eemem.o(.data)
    mlDNSserverEEP                           0x20000008   Data           4  eemem.o(.data)
    ETH_packet                               0x2000000c   Data           4  arp.o(.data)
    ARP_packet                               0x20000010   Data           4  arp.o(.data)
    msTFTPfileName                           0x20000014   Data          20  ethernet.o(.data)
    mlIP                                     0x20000028   Data           4  ethernet.o(.data)
    mlNetmask                                0x2000002c   Data           4  ethernet.o(.data)
    mlGateway                                0x20000030   Data           4  ethernet.o(.data)
    mlDNSserver                              0x20000034   Data           4  ethernet.o(.data)
    IP_id_counter                            0x20000038   Data           4  ethernet.o(.data)
    mlMAC                                    0x2000003c   Data           6  ethernet.o(.data)
    mlTFTPip                                 0x20000044   Data           4  ethernet.o(.data)
    starApp                                  0x20000048   Data           1  etherflash.o(.data)
    rev                                      0x20000049   Data           1  etherflash.o(.data)
    sendReq                                  0x2000004a   Data           1  etherflash.o(.data)
    len                                      0x2000004c   Data           2  etherflash.o(.data)
    bytesInBootPage                          0x2000004e   Data           2  etherflash.o(.data)
    tftpTimeoutCounter                       0x20000050   Data           2  etherflash.o(.data)
    baseAddress                              0x20000054   Data           4  etherflash.o(.data)
    currentAddress                           0x20000058   Data           4  etherflash.o(.data)
    JumpToApplication                        0x2000005c   Data           4  etherflash.o(.data)
    JumpAddress                              0x20000060   Data           4  etherflash.o(.data)
    msgArray                                 0x2000006a   Data           6  etherflash.o(.data)
    linkStatus                               0x20000070   Data           1  systemcontrolcallback.o(.data)
    sSystemControl                           0x20000074   Data          48  systemcontrolcallback.o(.data)
    uwTickFreq                               0x200000a4   Data           1  stm32f4xx_hal.o(.data)
    uwTickPrio                               0x200000a8   Data           4  stm32f4xx_hal.o(.data)
    uwTick                                   0x200000ac   Data           4  stm32f4xx_hal.o(.data)
    SystemCoreClock                          0x200000b0   Data           4  system_stm32f4xx.o(.data)
    consolePressAnyKey                       0x200000b4   Data           1  console.o(.data)
    ARPtable                                 0x200000b8   Data          60  arp.o(.bss)
    ethernetbuffer                           0x200000f4   Data        1200  ethernet.o(.bss)
    UDP_PORT_TABLE                           0x200005a4   Data          40  udp.o(.bss)
    sock                                     0x200005cc   Data          16  etherflash.o(.bss)
    hspi1                                    0x200005dc   Data          88  main.o(.bss)
    htim11                                   0x20000634   Data          64  main.o(.bss)
    huart1                                   0x20000674   Data          64  main.o(.bss)
    htim1                                    0x200006b4   Data          64  stm32f4xx_hal_timebase_tim.o(.bss)
    pFlash                                   0x200006f4   Data          32  stm32f4xx_hal_flash.o(.bss)
    sRxConsole                               0x20000714   Data          56  console.o(.bss)
    __initial_sp                             0x20000b50   Data           0  startup_stm32f429xx.o(STACK)



==============================================================================

Memory Map of the image

  Image Entry point : 0x080001ad

  Load Region LR_IROM1 (Base: 0x08000000, Size: 0x000033e4, Max: 0x00200000, ABSOLUTE)

    Execution Region ER_IROM1 (Base: 0x08000000, Size: 0x0000332c, Max: 0x00200000, ABSOLUTE)

    Base Addr    Size         Type   Attr      Idx    E Section Name        Object

    0x08000000   0x000001ac   Data   RO            3    RESET               startup_stm32f429xx.o
    0x080001ac   0x00000000   Code   RO         3812  * .ARM.Collect$$$$00000000  mc_w.l(entry.o)
    0x080001ac   0x00000004   Code   RO         4084    .ARM.Collect$$$$00000001  mc_w.l(entry2.o)
    0x080001b0   0x00000004   Code   RO         4087    .ARM.Collect$$$$00000004  mc_w.l(entry5.o)
    0x080001b4   0x00000000   Code   RO         4089    .ARM.Collect$$$$00000008  mc_w.l(entry7b.o)
    0x080001b4   0x00000000   Code   RO         4091    .ARM.Collect$$$$0000000A  mc_w.l(entry8b.o)
    0x080001b4   0x00000008   Code   RO         4092    .ARM.Collect$$$$0000000B  mc_w.l(entry9a.o)
    0x080001bc   0x00000000   Code   RO         4094    .ARM.Collect$$$$0000000D  mc_w.l(entry10a.o)
    0x080001bc   0x00000000   Code   RO         4096    .ARM.Collect$$$$0000000F  mc_w.l(entry11a.o)
    0x080001bc   0x00000004   Code   RO         4085    .ARM.Collect$$$$00002712  mc_w.l(entry2.o)
    0x080001c0   0x00000024   Code   RO            4    .text               startup_stm32f429xx.o
    0x080001e4   0x00000062   Code   RO         3815    .text               mc_w.l(uldiv.o)
    0x08000246   0x00000024   Code   RO         3817    .text               mc_w.l(memseta.o)
    0x0800026a   0x0000000e   Code   RO         3819    .text               mc_w.l(strlen.o)
    0x08000278   0x0000001e   Code   RO         3821    .text               mc_w.l(strncmp.o)
    0x08000296   0x0000002c   Code   RO         4101    .text               mc_w.l(uidiv.o)
    0x080002c2   0x0000001e   Code   RO         4103    .text               mc_w.l(llshl.o)
    0x080002e0   0x00000020   Code   RO         4105    .text               mc_w.l(llushr.o)
    0x08000300   0x00000024   Code   RO         4118    .text               mc_w.l(init.o)
    0x08000324   0x00000054   Code   RO          476    i.BootLoaderMain    etherflash.o
    0x08000378   0x00000002   Code   RO          688    i.BusFault_Handler  stm32f4xx_it.o
    0x0800037a   0x00000036   Code   RO          397    i.Checksum_16       checksum.o
    0x080003b0   0x00000002   Code   RO          689    i.DebugMon_Handler  stm32f4xx_it.o
    0x080003b2   0x00000002   PAD
    0x080003b4   0x00000024   Code   RO           13    i.ENC28J60_SendByte  enc28j60.o
    0x080003d8   0x00000006   Code   RO          690    i.EXTI0_IRQHandler  stm32f4xx_it.o
    0x080003de   0x00000006   Code   RO          691    i.EXTI4_IRQHandler  stm32f4xx_it.o
    0x080003e4   0x00000054   Code   RO         2755    i.FLASH_Erase_Sector  stm32f4xx_hal_flash_ex.o
    0x08000438   0x00000054   Code   RO         2756    i.FLASH_FlushCaches  stm32f4xx_hal_flash_ex.o
    0x0800048c   0x00000048   Code   RO         3718    i.FLASH_If_Erase    flash_if.o
    0x080004d4   0x00000018   Code   RO         3720    i.FLASH_If_Init     flash_if.o
    0x080004ec   0x00000058   Code   RO         3721    i.FLASH_If_Write    flash_if.o
    0x08000544   0x00000040   Code   RO         2757    i.FLASH_MassErase   stm32f4xx_hal_flash_ex.o
    0x08000584   0x00000020   Code   RO         2637    i.FLASH_Program_Byte  stm32f4xx_hal_flash.o
    0x080005a4   0x00000028   Code   RO         2638    i.FLASH_Program_DoubleWord  stm32f4xx_hal_flash.o
    0x080005cc   0x00000024   Code   RO         2639    i.FLASH_Program_HalfWord  stm32f4xx_hal_flash.o
    0x080005f0   0x00000024   Code   RO         2640    i.FLASH_Program_Word  stm32f4xx_hal_flash.o
    0x08000614   0x0000007c   Code   RO         2641    i.FLASH_SetErrorCode  stm32f4xx_hal_flash.o
    0x08000690   0x00000050   Code   RO         2642    i.FLASH_WaitForLastOperation  stm32f4xx_hal_flash.o
    0x080006e0   0x0000017c   Code   RO         3723    i.GetSector         flash_if.o
    0x0800085c   0x00000024   Code   RO         2984    i.HAL_DMA_Abort_IT  stm32f4xx_hal_dma.o
    0x08000880   0x00000024   Code   RO         3420    i.HAL_Delay         stm32f4xx_hal.o
    0x080008a4   0x0000009c   Code   RO         2762    i.HAL_FLASHEx_Erase  stm32f4xx_hal_flash_ex.o
    0x08000940   0x00000014   Code   RO         2646    i.HAL_FLASH_Lock    stm32f4xx_hal_flash.o
    0x08000954   0x0000007c   Code   RO         2651    i.HAL_FLASH_Program  stm32f4xx_hal_flash.o
    0x080009d0   0x0000002c   Code   RO         2653    i.HAL_FLASH_Unlock  stm32f4xx_hal_flash.o
    0x080009fc   0x00000002   Code   RO         2874    i.HAL_GPIO_EXTI_Callback  stm32f4xx_hal_gpio.o
    0x080009fe   0x00000002   PAD
    0x08000a00   0x00000018   Code   RO         2875    i.HAL_GPIO_EXTI_IRQHandler  stm32f4xx_hal_gpio.o
    0x08000a18   0x000001cc   Code   RO         2876    i.HAL_GPIO_Init     stm32f4xx_hal_gpio.o
    0x08000be4   0x0000000a   Code   RO         2880    i.HAL_GPIO_WritePin  stm32f4xx_hal_gpio.o
    0x08000bee   0x00000002   PAD
    0x08000bf0   0x0000000c   Code   RO         3428    i.HAL_GetTick       stm32f4xx_hal.o
    0x08000bfc   0x00000010   Code   RO         3434    i.HAL_IncTick       stm32f4xx_hal.o
    0x08000c0c   0x00000034   Code   RO         3435    i.HAL_Init          stm32f4xx_hal.o
    0x08000c40   0x00000074   Code   RO          854    i.HAL_InitTick      stm32f4xx_hal_timebase_tim.o
    0x08000cb4   0x00000030   Code   RO          794    i.HAL_MspInit       stm32f4xx_hal_msp.o
    0x08000ce4   0x0000001a   Code   RO         3283    i.HAL_NVIC_EnableIRQ  stm32f4xx_hal_cortex.o
    0x08000cfe   0x00000002   PAD
    0x08000d00   0x00000040   Code   RO         3289    i.HAL_NVIC_SetPriority  stm32f4xx_hal_cortex.o
    0x08000d40   0x00000024   Code   RO         3290    i.HAL_NVIC_SetPriorityGrouping  stm32f4xx_hal_cortex.o
    0x08000d64   0x00000130   Code   RO         2470    i.HAL_RCC_ClockConfig  stm32f4xx_hal_rcc.o
    0x08000e94   0x00000040   Code   RO         2474    i.HAL_RCC_GetClockConfig  stm32f4xx_hal_rcc.o
    0x08000ed4   0x00000020   Code   RO         2477    i.HAL_RCC_GetPCLK1Freq  stm32f4xx_hal_rcc.o
    0x08000ef4   0x00000020   Code   RO         2478    i.HAL_RCC_GetPCLK2Freq  stm32f4xx_hal_rcc.o
    0x08000f14   0x00000064   Code   RO         2479    i.HAL_RCC_GetSysClockFreq  stm32f4xx_hal_rcc.o
    0x08000f78   0x0000031c   Code   RO         2482    i.HAL_RCC_OscConfig  stm32f4xx_hal_rcc.o
    0x08001294   0x00000080   Code   RO          904    i.HAL_SPI_Init      stm32f4xx_hal_spi.o
    0x08001314   0x00000068   Code   RO          796    i.HAL_SPI_MspInit   stm32f4xx_hal_msp.o
    0x0800137c   0x000001e2   Code   RO          913    i.HAL_SPI_TransmitReceive  stm32f4xx_hal_spi.o
    0x0800155e   0x00000002   Code   RO         1892    i.HAL_TIMEx_BreakCallback  stm32f4xx_hal_tim_ex.o
    0x08001560   0x00000002   Code   RO         1893    i.HAL_TIMEx_CommutCallback  stm32f4xx_hal_tim_ex.o
    0x08001562   0x00000036   Code   RO         1217    i.HAL_TIM_Base_Init  stm32f4xx_hal_tim.o
    0x08001598   0x0000003c   Code   RO          798    i.HAL_TIM_Base_MspInit  stm32f4xx_hal_msp.o
    0x080015d4   0x00000022   Code   RO         1222    i.HAL_TIM_Base_Start_IT  stm32f4xx_hal_tim.o
    0x080015f6   0x00000002   Code   RO         1246    i.HAL_TIM_IC_CaptureCallback  stm32f4xx_hal_tim.o
    0x080015f8   0x00000166   Code   RO         1260    i.HAL_TIM_IRQHandler  stm32f4xx_hal_tim.o
    0x0800175e   0x00000002   Code   RO         1263    i.HAL_TIM_OC_DelayElapsedCallback  stm32f4xx_hal_tim.o
    0x08001760   0x00000002   Code   RO         1290    i.HAL_TIM_PWM_PulseFinishedCallback  stm32f4xx_hal_tim.o
    0x08001762   0x00000002   PAD
    0x08001764   0x00000020   Code   RO          631    i.HAL_TIM_PeriodElapsedCallback  main.o
    0x08001784   0x00000002   Code   RO         1303    i.HAL_TIM_TriggerCallback  stm32f4xx_hal_tim.o
    0x08001786   0x00000002   Code   RO         2164    i.HAL_UART_ErrorCallback  stm32f4xx_hal_uart.o
    0x08001788   0x00000110   Code   RO         2167    i.HAL_UART_IRQHandler  stm32f4xx_hal_uart.o
    0x08001898   0x00000062   Code   RO         2168    i.HAL_UART_Init     stm32f4xx_hal_uart.o
    0x080018fa   0x00000002   PAD
    0x080018fc   0x0000007c   Code   RO          800    i.HAL_UART_MspInit  stm32f4xx_hal_msp.o
    0x08001978   0x00000052   Code   RO         2173    i.HAL_UART_Receive_IT  stm32f4xx_hal_uart.o
    0x080019ca   0x00000002   PAD
    0x080019cc   0x00000058   Code   RO         3771    i.HAL_UART_RxCpltCallback  console.o
    0x08001a24   0x000000ba   Code   RO         2176    i.HAL_UART_Transmit  stm32f4xx_hal_uart.o
    0x08001ade   0x00000002   Code   RO         2179    i.HAL_UART_TxCpltCallback  stm32f4xx_hal_uart.o
    0x08001ae0   0x00000002   Code   RO          692    i.HardFault_Handler  stm32f4xx_it.o
    0x08001ae2   0x00000002   PAD
    0x08001ae4   0x00000100   Code   RO          632    i.MX_GPIO_Init      main.o
    0x08001be4   0x00000038   Code   RO          633    i.MX_SPI1_Init      main.o
    0x08001c1c   0x00000030   Code   RO          330    i.Make_ETH_Header   ethernet.o
    0x08001c4c   0x0000004c   Code   RO          331    i.Make_IP_Header    ethernet.o
    0x08001c98   0x00000002   Code   RO          693    i.MemManage_Handler  stm32f4xx_it.o
    0x08001c9a   0x00000002   Code   RO          694    i.NMI_Handler       stm32f4xx_it.o
    0x08001c9c   0x00000002   Code   RO          695    i.PendSV_Handler    stm32f4xx_it.o
    0x08001c9e   0x00000020   Code   RO          942    i.SPI_EndRxTxTransaction  stm32f4xx_hal_spi.o
    0x08001cbe   0x00000094   Code   RO          947    i.SPI_WaitFlagStateUntilTimeout  stm32f4xx_hal_spi.o
    0x08001d52   0x00000002   Code   RO          696    i.SVC_Handler       stm32f4xx_it.o
    0x08001d54   0x0000006c   Code   RO          477    i.Start_Application  etherflash.o
    0x08001dc0   0x00000002   Code   RO          697    i.SysTick_Handler   stm32f4xx_it.o
    0x08001dc2   0x00000002   PAD
    0x08001dc4   0x00000084   Code   RO          634    i.SystemClock_Config  main.o
    0x08001e48   0x00000054   Code   RO         3681    i.SystemInit        system_stm32f4xx.o
    0x08001e9c   0x0000000c   Code   RO          698    i.TIM1_TRG_COM_TIM11_IRQHandler  stm32f4xx_it.o
    0x08001ea8   0x0000000c   Code   RO          699    i.TIM1_UP_TIM10_IRQHandler  stm32f4xx_it.o
    0x08001eb4   0x000000c8   Code   RO         1305    i.TIM_Base_SetConfig  stm32f4xx_hal_tim.o
    0x08001f7c   0x00000010   Code   RO         2181    i.UART_DMAAbortOnError  stm32f4xx_hal_uart.o
    0x08001f8c   0x0000001c   Code   RO         2191    i.UART_EndRxTransfer  stm32f4xx_hal_uart.o
    0x08001fa8   0x00000096   Code   RO         2193    i.UART_Receive_IT   stm32f4xx_hal_uart.o
    0x0800203e   0x00000002   PAD
    0x08002040   0x000002ac   Code   RO         2194    i.UART_SetConfig    stm32f4xx_hal_uart.o
    0x080022ec   0x00000062   Code   RO         2195    i.UART_Transmit_IT  stm32f4xx_hal_uart.o
    0x0800234e   0x00000064   Code   RO         2196    i.UART_WaitOnFlagUntilTimeout  stm32f4xx_hal_uart.o
    0x080023b2   0x00000002   PAD
    0x080023b4   0x00000034   Code   RO          425    i.UDP_RegisterSocket  udp.o
    0x080023e8   0x00000068   Code   RO          426    i.UDP_SendPacket    udp.o
    0x08002450   0x00000024   Code   RO          427    i.UDP_UnRegisterSocket  udp.o
    0x08002474   0x0000000c   Code   RO          700    i.USART1_IRQHandler  stm32f4xx_it.o
    0x08002480   0x00000002   Code   RO          701    i.UsageFault_Handler  stm32f4xx_it.o
    0x08002482   0x00000002   PAD
    0x08002484   0x00000028   Code   RO         3914    i.__0sprintf$3      mc_w.l(printf3.o)
    0x080024ac   0x00000020   Code   RO         3296    i.__NVIC_SetPriority  stm32f4xx_hal_cortex.o
    0x080024cc   0x0000000e   Code   RO         4128    i.__scatterload_copy  mc_w.l(handlers.o)
    0x080024da   0x00000002   Code   RO         4129    i.__scatterload_null  mc_w.l(handlers.o)
    0x080024dc   0x0000000e   Code   RO         4130    i.__scatterload_zeroinit  mc_w.l(handlers.o)
    0x080024ea   0x00000002   PAD
    0x080024ec   0x000001b8   Code   RO         3919    i._printf_core      mc_w.l(printf3.o)
    0x080026a4   0x0000000a   Code   RO         3921    i._sputc            mc_w.l(printf3.o)
    0x080026ae   0x00000002   PAD
    0x080026b0   0x00000064   Code   RO          270    i.arp_entry_add     arp.o
    0x08002714   0x0000002c   Code   RO          271    i.arp_entry_search  arp.o
    0x08002740   0x000000a0   Code   RO          272    i.arp_reply         arp.o
    0x080027e0   0x00000020   Code   RO         3772    i.consoletTxHandle  console.o
    0x08002800   0x00000140   Code   RO           16    i.enc28j60Init      enc28j60.o
    0x08002940   0x000000cc   Code   RO           17    i.enc28j60PacketReceive  enc28j60.o
    0x08002a0c   0x00000078   Code   RO           18    i.enc28j60PacketSend  enc28j60.o
    0x08002a84   0x0000002e   Code   RO           19    i.enc28j60PhyReadH  enc28j60.o
    0x08002ab2   0x00000030   Code   RO           20    i.enc28j60PhyWrite  enc28j60.o
    0x08002ae2   0x00000014   Code   RO           21    i.enc28j60Read      enc28j60.o
    0x08002af6   0x00000002   PAD
    0x08002af8   0x0000003c   Code   RO           22    i.enc28j60ReadBuffer  enc28j60.o
    0x08002b34   0x00000044   Code   RO           23    i.enc28j60ReadOp    enc28j60.o
    0x08002b78   0x00000030   Code   RO           24    i.enc28j60SetBank   enc28j60.o
    0x08002ba8   0x00000018   Code   RO           25    i.enc28j60Write     enc28j60.o
    0x08002bc0   0x00000038   Code   RO           26    i.enc28j60WriteBuffer  enc28j60.o
    0x08002bf8   0x00000038   Code   RO           27    i.enc28j60WriteOp   enc28j60.o
    0x08002c30   0x00000012   Code   RO           29    i.enc28j60getrev    enc28j60.o
    0x08002c42   0x0000000e   Code   RO           31    i.enc28j60linkup    enc28j60.o
    0x08002c50   0x0000003c   Code   RO          332    i.eth_packet_dispatcher  ethernet.o
    0x08002c8c   0x00000044   Code   RO          478    i.etherflash_main   etherflash.o
    0x08002cd0   0x00000068   Code   RO          635    i.main              main.o
    0x08002d38   0x00000002   Code   RO          567    i.pAlarmAndLedControlCallback  systemcontrolcallback.o
    0x08002d3a   0x00000002   PAD
    0x08002d3c   0x000001f8   Code   RO          479    i.pConsoleCallbackHandle  etherflash.o
    0x08002f34   0x00000024   Code   RO         3773    i.pConsoleInit      console.o
    0x08002f58   0x00000010   Code   RO          568    i.pPortControlCallback  systemcontrolcallback.o
    0x08002f68   0x000000a0   Code   RO          569    i.pPressAnyKeyControlCallback  systemcontrolcallback.o
    0x08003008   0x00000038   Code   RO          570    i.pSystemControlCallback  systemcontrolcallback.o
    0x08003040   0x0000000c   Code   RO          571    i.pSystemControlCallbackStart  systemcontrolcallback.o
    0x0800304c   0x000000ac   Code   RO          480    i.sendTFTPrequest   etherflash.o
    0x080030f8   0x00000044   Code   RO          333    i.stack_init        ethernet.o
    0x0800313c   0x00000158   Code   RO          481    i.tftp_get          etherflash.o
    0x08003294   0x00000044   Code   RO          428    i.udp               udp.o
    0x080032d8   0x0000001c   Code   RO          429    i.udp_init          udp.o
    0x080032f4   0x00000010   Data   RO         3682    .constdata          system_stm32f4xx.o
    0x08003304   0x00000008   Data   RO         3683    .constdata          system_stm32f4xx.o
    0x0800330c   0x00000020   Data   RO         4126    Region$$Table       anon$$obj.o


    Execution Region RW_IRAM1 (Base: 0x20000000, Size: 0x00000b50, Max: 0x00030000, ABSOLUTE)

    Base Addr    Size         Type   Attr      Idx    E Section Name        Object

    0x20000000   0x00000004   Data   RW           32    .data               enc28j60.o
    0x20000004   0x00000004   Data   RW          251    .data               eemem.o
    0x20000008   0x00000004   Data   RW          252    .data               eemem.o
    0x2000000c   0x00000008   Data   RW          274    .data               arp.o
    0x20000014   0x00000014   Data   RW          335    .data               ethernet.o
    0x20000028   0x0000001a   Data   RW          336    .data               ethernet.o
    0x20000042   0x00000002   PAD
    0x20000044   0x00000004   Data   RW          337    .data               ethernet.o
    0x20000048   0x00000028   Data   RW          484    .data               etherflash.o
    0x20000070   0x00000034   Data   RW          572    .data               systemcontrolcallback.o
    0x200000a4   0x0000000c   Data   RW         3442    .data               stm32f4xx_hal.o
    0x200000b0   0x00000004   Data   RW         3684    .data               system_stm32f4xx.o
    0x200000b4   0x00000001   Data   RW         3775    .data               console.o
    0x200000b5   0x00000003   PAD
    0x200000b8   0x0000003c   Zero   RW          273    .bss                arp.o
    0x200000f4   0x000004b0   Zero   RW          334    .bss                ethernet.o
    0x200005a4   0x00000028   Zero   RW          430    .bss                udp.o
    0x200005cc   0x00000010   Zero   RW          483    .bss                etherflash.o
    0x200005dc   0x000000d8   Zero   RW          636    .bss                main.o
    0x200006b4   0x00000040   Zero   RW          857    .bss                stm32f4xx_hal_timebase_tim.o
    0x200006f4   0x00000020   Zero   RW         2654    .bss                stm32f4xx_hal_flash.o
    0x20000714   0x00000038   Zero   RW         3774    .bss                console.o
    0x2000074c   0x00000004   PAD
    0x20000750   0x00000400   Zero   RW            1    STACK               startup_stm32f429xx.o


==============================================================================

Image component sizes


      Code (inc. data)   RO Data    RW Data    ZI Data      Debug   Object Name

       304         24          0          8         60       5192   arp.o
        54          0          0          0          0       3282   checksum.o
       156         38          0          1         56       2636   console.o
         0          0          0          8          0        925   eemem.o
      1138         42          0          4          0     778387   enc28j60.o
      1280        318          0         40         16      42084   etherflash.o
       252         32          0         50       1200       5842   ethernet.o
       564        104          0          0          0       3158   flash_if.o
       580         64          0          0        216       3889   main.o
        36          8        428          0       1024        840   startup_stm32f429xx.o
       116         18          0         12          0       3898   stm32f4xx_hal.o
       158         14          0          0          0      33166   stm32f4xx_hal_cortex.o
        36          0          0          0          0       1219   stm32f4xx_hal_dma.o
       536         66          0          0         32       6634   stm32f4xx_hal_flash.o
       388         24          0          0          0       4382   stm32f4xx_hal_flash_ex.o
       496         58          0          0          0       3632   stm32f4xx_hal_gpio.o
       336         42          0          0          0       2978   stm32f4xx_hal_msp.o
      1328         90          0          0          0       5829   stm32f4xx_hal_rcc.o
       790          0          0          0          0       4653   stm32f4xx_hal_spi.o
       654         44          0          0          0       6733   stm32f4xx_hal_tim.o
         4          0          0          0          0       1609   stm32f4xx_hal_tim_ex.o
       116         16          0          0         64       1431   stm32f4xx_hal_timebase_tim.o
      1718         14          0          0          0       9803   stm32f4xx_hal_uart.o
        66         18          0          0          0       6575   stm32f4xx_it.o
        84         18         24          4          0       1191   system_stm32f4xx.o
       246         86          0         52          0       4196   systemcontrolcallback.o
       288         32          0          0         40       3843   udp.o

    ----------------------------------------------------------------------
     11752       1170        484        184       2712     948007   Object Totals
         0          0         32          0          0          0   (incl. Generated)
        28          0          0          5          4          0   (incl. Padding)

    ----------------------------------------------------------------------

      Code (inc. data)   RO Data    RW Data    ZI Data      Debug   Library Member Name

         0          0          0          0          0          0   entry.o
         0          0          0          0          0          0   entry10a.o
         0          0          0          0          0          0   entry11a.o
         8          4          0          0          0          0   entry2.o
         4          0          0          0          0          0   entry5.o
         0          0          0          0          0          0   entry7b.o
         0          0          0          0          0          0   entry8b.o
         8          4          0          0          0          0   entry9a.o
        30          0          0          0          0          0   handlers.o
        36          8          0          0          0         68   init.o
        30          0          0          0          0         68   llshl.o
        32          0          0          0          0         68   llushr.o
        36          0          0          0          0        108   memseta.o
       490         10          0          0          0        252   printf3.o
        14          0          0          0          0         68   strlen.o
        30          0          0          0          0         80   strncmp.o
        44          0          0          0          0         80   uidiv.o
        98          0          0          0          0         92   uldiv.o

    ----------------------------------------------------------------------
       864         26          0          0          0        884   Library Totals
         4          0          0          0          0          0   (incl. Padding)

    ----------------------------------------------------------------------

      Code (inc. data)   RO Data    RW Data    ZI Data      Debug   Library Name

       860         26          0          0          0        884   mc_w.l

    ----------------------------------------------------------------------
       864         26          0          0          0        884   Library Totals

    ----------------------------------------------------------------------

==============================================================================


      Code (inc. data)   RO Data    RW Data    ZI Data      Debug   

     12616       1196        484        184       2712     936531   Grand Totals
     12616       1196        484        184       2712     936531   ELF Image Totals
     12616       1196        484        184          0          0   ROM Totals

==============================================================================

    Total RO  Size (Code + RO Data)                13100 (  12.79kB)
    Total RW  Size (RW Data + ZI Data)              2896 (   2.83kB)
    Total ROM Size (Code + RO Data + RW Data)      13284 (  12.97kB)

==============================================================================

