<html>
<body>
<pre>
<h1>µVision Build Log</h1>
<h2>Tool Versions:</h2>
IDE-Version: µVision V5.17.0.0
Copyright (C) 2015 ARM Ltd and ARM Germany GmbH. All rights reserved.
License Information: hakan Microsoft, Microsoft, LIC=R4HKP-MNLJI-XA9DC-7RX55-AUNXI-A245M
 
Tool Versions:
Toolchain:       MDK-ARM Professional  Version: 5.17
Toolchain Path:  C:\Keil_v5\ARM\ARMCC\Bin
C Compiler:      Armcc.exe V5.06 update 1 (build 61)
Assembler:       Armasm.exe V5.06 update 1 (build 61)
Linker/Locator:  ArmLink.exe V5.06 update 1 (build 61)
Library Manager: ArmAr.exe V5.06 update 1 (build 61)
Hex Converter:   FromElf.exe V5.06 update 1 (build 61)
CPU DLL:         SARMCM3.DLL V5.17
Dialog DLL:      DCM.DLL V1.13.4.0
Target DLL:      STLink\ST-LINKIII-KEIL_SWO.dll V2.0.18.0
Dialog DLL:      TCM.DLL V1.14.6.0
 
<h2>Project:</h2>
C:\Users\HAKANAYDIN\Desktop\IAP\tftpboot\MDK-ARM\stm32TftpBootloader.uvprojx
Project File Date:  12/23/2019

<h2>Output:</h2>
*** Using Compiler 'V5.06 update 1 (build 61)', folder: 'C:\Keil_v5\ARM\ARMCC\Bin'
Build target 'stm32TftpBootloader'
assembling startup_stm32f429xx.s...
compiling enc28j60.c...
compiling eemem.c...
compiling arp.c...
compiling ethernet.c...
..\Core\Src\ethernet.c(126): warning:  #1-D: last line of file ends without a newline
  }
..\Core\Src\ethernet.c: 1 warning, 0 errors
compiling checksum.c...
..\Core\Src\checksum.c(40): warning:  #1-D: last line of file ends without a newline
  }
..\Core\Src\checksum.c: 1 warning, 0 errors
compiling udp.c...
compiling etherflash.c...
..\Core\Src\etherflash.c(76): warning:  #177-D: variable "nRetryCounter" was declared but never referenced
        uint8_t nRetryCounter = 0;
..\Core\Src\etherflash.c(233): warning:  #177-D: variable "udpSendBuffer" was declared but never referenced
                uint8_t *udpSendBuffer = ethernetbuffer + (ETH_HDR_LEN + IP_HDR_LEN + UDP_HDR_LEN);
..\Core\Src\etherflash.c(195): warning:  #550-D: variable "ETH_packet" was set but never used
        struct ETH_header * ETH_packet;                 // ETH_struct anlegen
..\Core\Src\etherflash.c(202): warning:  #550-D: variable "udpSendBuffer" was set but never used
        uint8_t *udpSendBuffer;
..\Core\Src\etherflash.c(203): warning:  #177-D: variable "reqSize" was declared but never referenced
        uint8_t reqSize;
..\Core\Src\etherflash.c(204): warning:  #177-D: variable "file" was declared but never referenced
        uint8_t *file;
..\Core\Src\etherflash.c: 6 warnings, 0 errors
compiling systemControlCallback.c...
compiling main.c...
compiling stm32f4xx_it.c...
compiling stm32f4xx_hal_msp.c...
compiling stm32f4xx_hal_timebase_tim.c...
compiling stm32f4xx_hal_spi.c...
compiling stm32f4xx_hal_tim.c...
compiling stm32f4xx_hal_tim_ex.c...
compiling stm32f4xx_hal_uart.c...
compiling stm32f4xx_hal_rcc.c...
compiling stm32f4xx_hal_rcc_ex.c...
compiling stm32f4xx_hal_flash.c...
compiling stm32f4xx_hal_flash_ex.c...
compiling stm32f4xx_hal_flash_ramfunc.c...
compiling stm32f4xx_hal_gpio.c...
compiling stm32f4xx_hal_dma_ex.c...
compiling stm32f4xx_hal_dma.c...
compiling stm32f4xx_hal_pwr.c...
compiling stm32f4xx_hal_pwr_ex.c...
compiling stm32f4xx_hal_cortex.c...
compiling stm32f4xx_hal.c...
compiling stm32f4xx_hal_exti.c...
compiling system_stm32f4xx.c...
compiling flash_if.c...
compiling console.c...
linking...
Program Size: Code=12616 RO-data=484 RW-data=184 ZI-data=2712  
FromELF: creating hex file...
"stm32TftpBootloader\stm32TftpBootloader.axf" - 0 Error(s), 8 Warning(s).

<h2>Software Packages used:</h2>

Package Vendor: ARM
                http://www.keil.com/pack/ARM.CMSIS.5.0.0-Beta4.pack
                ARM::CMSIS:CORE:5.0.0
                CMSIS (Cortex Microcontroller Software Interface Standard)
   * Component: CORE Version: 5.0.0

<h2>Collection of Component include folders:</h2>
  C:\Users\HAKANAYDIN\Desktop\IAP\tftpboot\MDK-ARM\RTE
  C:\Keil_v5\ARM\PACK\ARM\CMSIS\5.0.0-Beta4\CMSIS\Include
  C:\Keil_v5\ARM\PACK\Keil\STM32F4xx_DFP\2.9.0\Drivers\CMSIS\Device\ST\STM32F4xx\Include

<h2>Collection of Component Files used:</h2>

   * Component: ARM::CMSIS:CORE:5.0.0
Build Time Elapsed:  00:08:20
</pre>
</body>
</html>
